<?xml version="1.0"?>
<link_info>
   <banner>TI ARM Linker PC v15.12.2.LTS</banner>
   <copyright>Copyright (c) 1996-2015 Texas Instruments Incorporated</copyright>
   <link_time>0x5757c201</link_time>
   <link_errors>0x0</link_errors>
   <output_file>Frequency detect + protocol.out</output_file>
   <entry_point>
      <name>_c_int00</name>
      <address>0x341d</address>
   </entry_point>
   <input_file_list>
      <input_file id="fl-2">
         <path>.\</path>
         <kind>object</kind>
         <file>main.obj</file>
         <name>main.obj</name>
      </input_file>
      <input_file id="fl-3">
         <path>.\</path>
         <kind>object</kind>
         <file>startup_msp432p401r_ccs.obj</file>
         <name>startup_msp432p401r_ccs.obj</name>
      </input_file>
      <input_file id="fl-4">
         <path>.\</path>
         <kind>object</kind>
         <file>system_msp432p401r.obj</file>
         <name>system_msp432p401r.obj</name>
      </input_file>
      <input_file id="fl-5">
         <path>.\protocol\</path>
         <kind>object</kind>
         <file>decode.obj</file>
         <name>decode.obj</name>
      </input_file>
      <input_file id="fl-b">
         <path>C:\ti\msp430\MSPWare_3_30_00_18\driverlib\driverlib\MSP432P4xx\ccs\</path>
         <kind>archive</kind>
         <file>msp432p4xx_driverlib.lib</file>
         <name>cs.o</name>
      </input_file>
      <input_file id="fl-c">
         <path>C:\ti\msp430\MSPWare_3_30_00_18\driverlib\driverlib\MSP432P4xx\ccs\</path>
         <kind>archive</kind>
         <file>msp432p4xx_driverlib.lib</file>
         <name>gpio.o</name>
      </input_file>
      <input_file id="fl-d">
         <path>C:\ti\msp430\MSPWare_3_30_00_18\driverlib\driverlib\MSP432P4xx\ccs\</path>
         <kind>archive</kind>
         <file>msp432p4xx_driverlib.lib</file>
         <name>interrupt.o</name>
      </input_file>
      <input_file id="fl-e">
         <path>C:\ti\msp430\MSPWare_3_30_00_18\driverlib\driverlib\MSP432P4xx\ccs\</path>
         <kind>archive</kind>
         <file>msp432p4xx_driverlib.lib</file>
         <name>sysctl.o</name>
      </input_file>
      <input_file id="fl-f">
         <path>C:\ti\msp430\MSPWare_3_30_00_18\driverlib\driverlib\MSP432P4xx\ccs\</path>
         <kind>archive</kind>
         <file>msp432p4xx_driverlib.lib</file>
         <name>cpu.o</name>
      </input_file>
      <input_file id="fl-c5">
         <path>C:\ti\ccsv6\tools\compiler\arm_15.12.2.LTS\lib\</path>
         <kind>archive</kind>
         <file>rtsv7M4_T_le_v4SPD16_eabi.lib</file>
         <name>boot.obj</name>
      </input_file>
      <input_file id="fl-c6">
         <path>C:\ti\ccsv6\tools\compiler\arm_15.12.2.LTS\lib\</path>
         <kind>archive</kind>
         <file>rtsv7M4_T_le_v4SPD16_eabi.lib</file>
         <name>copy_decompress_none.obj</name>
      </input_file>
      <input_file id="fl-c7">
         <path>C:\ti\ccsv6\tools\compiler\arm_15.12.2.LTS\lib\</path>
         <kind>archive</kind>
         <file>rtsv7M4_T_le_v4SPD16_eabi.lib</file>
         <name>copy_decompress_rle.obj</name>
      </input_file>
      <input_file id="fl-c8">
         <path>C:\ti\ccsv6\tools\compiler\arm_15.12.2.LTS\lib\</path>
         <kind>archive</kind>
         <file>rtsv7M4_T_le_v4SPD16_eabi.lib</file>
         <name>copy_zero_init.obj</name>
      </input_file>
      <input_file id="fl-c9">
         <path>C:\ti\ccsv6\tools\compiler\arm_15.12.2.LTS\lib\</path>
         <kind>archive</kind>
         <file>rtsv7M4_T_le_v4SPD16_eabi.lib</file>
         <name>exit.obj</name>
      </input_file>
      <input_file id="fl-ca">
         <path>C:\ti\ccsv6\tools\compiler\arm_15.12.2.LTS\lib\</path>
         <kind>archive</kind>
         <file>rtsv7M4_T_le_v4SPD16_eabi.lib</file>
         <name>fd_add_t2.obj</name>
      </input_file>
      <input_file id="fl-cb">
         <path>C:\ti\ccsv6\tools\compiler\arm_15.12.2.LTS\lib\</path>
         <kind>archive</kind>
         <file>rtsv7M4_T_le_v4SPD16_eabi.lib</file>
         <name>fd_mul_t2.obj</name>
      </input_file>
      <input_file id="fl-cc">
         <path>C:\ti\ccsv6\tools\compiler\arm_15.12.2.LTS\lib\</path>
         <kind>archive</kind>
         <file>rtsv7M4_T_le_v4SPD16_eabi.lib</file>
         <name>fd_toi_t2.obj</name>
      </input_file>
      <input_file id="fl-cd">
         <path>C:\ti\ccsv6\tools\compiler\arm_15.12.2.LTS\lib\</path>
         <kind>archive</kind>
         <file>rtsv7M4_T_le_v4SPD16_eabi.lib</file>
         <name>i_tofd_t2.obj</name>
      </input_file>
      <input_file id="fl-ce">
         <path>C:\ti\ccsv6\tools\compiler\arm_15.12.2.LTS\lib\</path>
         <kind>archive</kind>
         <file>rtsv7M4_T_le_v4SPD16_eabi.lib</file>
         <name>memcpy_t2.obj</name>
      </input_file>
      <input_file id="fl-cf">
         <path>C:\ti\ccsv6\tools\compiler\arm_15.12.2.LTS\lib\</path>
         <kind>archive</kind>
         <file>rtsv7M4_T_le_v4SPD16_eabi.lib</file>
         <name>memset_t2.obj</name>
      </input_file>
      <input_file id="fl-d0">
         <path>C:\ti\ccsv6\tools\compiler\arm_15.12.2.LTS\lib\</path>
         <kind>archive</kind>
         <file>rtsv7M4_T_le_v4SPD16_eabi.lib</file>
         <name>mpu_init.obj</name>
      </input_file>
      <input_file id="fl-d1">
         <path>C:\ti\ccsv6\tools\compiler\arm_15.12.2.LTS\lib\</path>
         <kind>archive</kind>
         <file>rtsv7M4_T_le_v4SPD16_eabi.lib</file>
         <name>pre_init.obj</name>
      </input_file>
      <input_file id="fl-d2">
         <path>C:\ti\ccsv6\tools\compiler\arm_15.12.2.LTS\lib\</path>
         <kind>archive</kind>
         <file>rtsv7M4_T_le_v4SPD16_eabi.lib</file>
         <name>printf.obj</name>
      </input_file>
      <input_file id="fl-d3">
         <path>C:\ti\ccsv6\tools\compiler\arm_15.12.2.LTS\lib\</path>
         <kind>archive</kind>
         <file>rtsv7M4_T_le_v4SPD16_eabi.lib</file>
         <name>stkdepth_vars.obj</name>
      </input_file>
      <input_file id="fl-d4">
         <path>C:\ti\ccsv6\tools\compiler\arm_15.12.2.LTS\lib\</path>
         <kind>archive</kind>
         <file>rtsv7M4_T_le_v4SPD16_eabi.lib</file>
         <name>strlen.obj</name>
      </input_file>
      <input_file id="fl-d5">
         <path>C:\ti\ccsv6\tools\compiler\arm_15.12.2.LTS\lib\</path>
         <kind>archive</kind>
         <file>rtsv7M4_T_le_v4SPD16_eabi.lib</file>
         <name>_lock.obj</name>
      </input_file>
      <input_file id="fl-d6">
         <path>C:\ti\ccsv6\tools\compiler\arm_15.12.2.LTS\lib\</path>
         <kind>archive</kind>
         <file>rtsv7M4_T_le_v4SPD16_eabi.lib</file>
         <name>_printfi.obj</name>
      </input_file>
      <input_file id="fl-d7">
         <path>C:\ti\ccsv6\tools\compiler\arm_15.12.2.LTS\lib\</path>
         <kind>archive</kind>
         <file>rtsv7M4_T_le_v4SPD16_eabi.lib</file>
         <name>args_main.obj</name>
      </input_file>
      <input_file id="fl-d8">
         <path>C:\ti\ccsv6\tools\compiler\arm_15.12.2.LTS\lib\</path>
         <kind>archive</kind>
         <file>rtsv7M4_T_le_v4SPD16_eabi.lib</file>
         <name>atoi.obj</name>
      </input_file>
      <input_file id="fl-d9">
         <path>C:\ti\ccsv6\tools\compiler\arm_15.12.2.LTS\lib\</path>
         <kind>archive</kind>
         <file>rtsv7M4_T_le_v4SPD16_eabi.lib</file>
         <name>autoinit.obj</name>
      </input_file>
      <input_file id="fl-da">
         <path>C:\ti\ccsv6\tools\compiler\arm_15.12.2.LTS\lib\</path>
         <kind>archive</kind>
         <file>rtsv7M4_T_le_v4SPD16_eabi.lib</file>
         <name>cpy_tbl.obj</name>
      </input_file>
      <input_file id="fl-db">
         <path>C:\ti\ccsv6\tools\compiler\arm_15.12.2.LTS\lib\</path>
         <kind>archive</kind>
         <file>rtsv7M4_T_le_v4SPD16_eabi.lib</file>
         <name>ctype.obj</name>
      </input_file>
      <input_file id="fl-dc">
         <path>C:\ti\ccsv6\tools\compiler\arm_15.12.2.LTS\lib\</path>
         <kind>archive</kind>
         <file>rtsv7M4_T_le_v4SPD16_eabi.lib</file>
         <name>defs.obj</name>
      </input_file>
      <input_file id="fl-dd">
         <path>C:\ti\ccsv6\tools\compiler\arm_15.12.2.LTS\lib\</path>
         <kind>archive</kind>
         <file>rtsv7M4_T_le_v4SPD16_eabi.lib</file>
         <name>fd_cmp_t2.obj</name>
      </input_file>
      <input_file id="fl-de">
         <path>C:\ti\ccsv6\tools\compiler\arm_15.12.2.LTS\lib\</path>
         <kind>archive</kind>
         <file>rtsv7M4_T_le_v4SPD16_eabi.lib</file>
         <name>fd_div_t2.obj</name>
      </input_file>
      <input_file id="fl-df">
         <path>C:\ti\ccsv6\tools\compiler\arm_15.12.2.LTS\lib\</path>
         <kind>archive</kind>
         <file>rtsv7M4_T_le_v4SPD16_eabi.lib</file>
         <name>fputc.obj</name>
      </input_file>
      <input_file id="fl-e0">
         <path>C:\ti\ccsv6\tools\compiler\arm_15.12.2.LTS\lib\</path>
         <kind>archive</kind>
         <file>rtsv7M4_T_le_v4SPD16_eabi.lib</file>
         <name>fputs.obj</name>
      </input_file>
      <input_file id="fl-e1">
         <path>C:\ti\ccsv6\tools\compiler\arm_15.12.2.LTS\lib\</path>
         <kind>archive</kind>
         <file>rtsv7M4_T_le_v4SPD16_eabi.lib</file>
         <name>lowlev.obj</name>
      </input_file>
      <input_file id="fl-e2">
         <path>C:\ti\ccsv6\tools\compiler\arm_15.12.2.LTS\lib\</path>
         <kind>archive</kind>
         <file>rtsv7M4_T_le_v4SPD16_eabi.lib</file>
         <name>ltoa.obj</name>
      </input_file>
      <input_file id="fl-e3">
         <path>C:\ti\ccsv6\tools\compiler\arm_15.12.2.LTS\lib\</path>
         <kind>archive</kind>
         <file>rtsv7M4_T_le_v4SPD16_eabi.lib</file>
         <name>memccpy.obj</name>
      </input_file>
      <input_file id="fl-e4">
         <path>C:\ti\ccsv6\tools\compiler\arm_15.12.2.LTS\lib\</path>
         <kind>archive</kind>
         <file>rtsv7M4_T_le_v4SPD16_eabi.lib</file>
         <name>memchr.obj</name>
      </input_file>
      <input_file id="fl-e5">
         <path>C:\ti\ccsv6\tools\compiler\arm_15.12.2.LTS\lib\</path>
         <kind>archive</kind>
         <file>rtsv7M4_T_le_v4SPD16_eabi.lib</file>
         <name>s_frexp.obj</name>
      </input_file>
      <input_file id="fl-e6">
         <path>C:\ti\ccsv6\tools\compiler\arm_15.12.2.LTS\lib\</path>
         <kind>archive</kind>
         <file>rtsv7M4_T_le_v4SPD16_eabi.lib</file>
         <name>s_scalbn.obj</name>
      </input_file>
      <input_file id="fl-e7">
         <path>C:\ti\ccsv6\tools\compiler\arm_15.12.2.LTS\lib\</path>
         <kind>archive</kind>
         <file>rtsv7M4_T_le_v4SPD16_eabi.lib</file>
         <name>startup.obj</name>
      </input_file>
      <input_file id="fl-e8">
         <path>C:\ti\ccsv6\tools\compiler\arm_15.12.2.LTS\lib\</path>
         <kind>archive</kind>
         <file>rtsv7M4_T_le_v4SPD16_eabi.lib</file>
         <name>strchr.obj</name>
      </input_file>
      <input_file id="fl-e9">
         <path>C:\ti\ccsv6\tools\compiler\arm_15.12.2.LTS\lib\</path>
         <kind>archive</kind>
         <file>rtsv7M4_T_le_v4SPD16_eabi.lib</file>
         <name>strcmp.obj</name>
      </input_file>
      <input_file id="fl-ea">
         <path>C:\ti\ccsv6\tools\compiler\arm_15.12.2.LTS\lib\</path>
         <kind>archive</kind>
         <file>rtsv7M4_T_le_v4SPD16_eabi.lib</file>
         <name>strncpy.obj</name>
      </input_file>
      <input_file id="fl-eb">
         <path>C:\ti\ccsv6\tools\compiler\arm_15.12.2.LTS\lib\</path>
         <kind>archive</kind>
         <file>rtsv7M4_T_le_v4SPD16_eabi.lib</file>
         <name>trgdrv.obj</name>
      </input_file>
      <input_file id="fl-ec">
         <path>C:\ti\ccsv6\tools\compiler\arm_15.12.2.LTS\lib\</path>
         <kind>archive</kind>
         <file>rtsv7M4_T_le_v4SPD16_eabi.lib</file>
         <name>trgmsg.obj</name>
      </input_file>
      <input_file id="fl-ed">
         <path>C:\ti\ccsv6\tools\compiler\arm_15.12.2.LTS\lib\</path>
         <kind>archive</kind>
         <file>rtsv7M4_T_le_v4SPD16_eabi.lib</file>
         <name>ull_div_t2.obj</name>
      </input_file>
      <input_file id="fl-ee">
         <path>C:\ti\ccsv6\tools\compiler\arm_15.12.2.LTS\lib\</path>
         <kind>archive</kind>
         <file>rtsv7M4_T_le_v4SPD16_eabi.lib</file>
         <name>_io_perm.obj</name>
      </input_file>
      <input_file id="fl-ef">
         <path>C:\ti\ccsv6\tools\compiler\arm_15.12.2.LTS\lib\</path>
         <kind>archive</kind>
         <file>rtsv7M4_T_le_v4SPD16_eabi.lib</file>
         <name>errno.obj</name>
      </input_file>
      <input_file id="fl-f0">
         <path>C:\ti\ccsv6\tools\compiler\arm_15.12.2.LTS\lib\</path>
         <kind>archive</kind>
         <file>rtsv7M4_T_le_v4SPD16_eabi.lib</file>
         <name>fflush.obj</name>
      </input_file>
      <input_file id="fl-f1">
         <path>C:\ti\ccsv6\tools\compiler\arm_15.12.2.LTS\lib\</path>
         <kind>archive</kind>
         <file>rtsv7M4_T_le_v4SPD16_eabi.lib</file>
         <name>fseek.obj</name>
      </input_file>
      <input_file id="fl-f2">
         <path>C:\ti\ccsv6\tools\compiler\arm_15.12.2.LTS\lib\</path>
         <kind>archive</kind>
         <file>rtsv7M4_T_le_v4SPD16_eabi.lib</file>
         <name>s_copysign.obj</name>
      </input_file>
      <input_file id="fl-f3">
         <path>C:\ti\ccsv6\tools\compiler\arm_15.12.2.LTS\lib\</path>
         <kind>archive</kind>
         <file>rtsv7M4_T_le_v4SPD16_eabi.lib</file>
         <name>setvbuf.obj</name>
      </input_file>
      <input_file id="fl-f4">
         <path>C:\ti\ccsv6\tools\compiler\arm_15.12.2.LTS\lib\</path>
         <kind>archive</kind>
         <file>rtsv7M4_T_le_v4SPD16_eabi.lib</file>
         <name>strcpy.obj</name>
      </input_file>
      <input_file id="fl-f5">
         <path>C:\ti\ccsv6\tools\compiler\arm_15.12.2.LTS\lib\</path>
         <kind>archive</kind>
         <file>rtsv7M4_T_le_v4SPD16_eabi.lib</file>
         <name>fopen.obj</name>
      </input_file>
      <input_file id="fl-f6">
         <path>C:\ti\ccsv6\tools\compiler\arm_15.12.2.LTS\lib\</path>
         <kind>archive</kind>
         <file>rtsv7M4_T_le_v4SPD16_eabi.lib</file>
         <name>memory.obj</name>
      </input_file>
      <input_file id="fl-f7">
         <path>C:\ti\ccsv6\tools\compiler\arm_15.12.2.LTS\lib\</path>
         <kind>archive</kind>
         <file>rtsv7M4_T_le_v4SPD16_eabi.lib</file>
         <name>fclose.obj</name>
      </input_file>
      <input_file id="fl-f8">
         <path>C:\ti\ccsv6\tools\compiler\arm_15.12.2.LTS\lib\</path>
         <kind>archive</kind>
         <file>rtsv7M4_T_le_v4SPD16_eabi.lib</file>
         <name>remove.obj</name>
      </input_file>
   </input_file_list>
   <object_component_list>
      <object_component id="oc-28">
         <name>.intvecs:retain</name>
         <load_address>0x0</load_address>
         <run_address>0x0</run_address>
         <size>0x140</size>
         <input_file_ref idref="fl-3"/>
      </object_component>
      <object_component id="oc-176">
         <name>.text</name>
         <load_address>0x140</load_address>
         <run_address>0x140</run_address>
         <size>0x1110</size>
         <input_file_ref idref="fl-d6"/>
      </object_component>
      <object_component id="oc-28e">
         <name>.text</name>
         <load_address>0x1250</load_address>
         <run_address>0x1250</run_address>
         <size>0x3dc</size>
         <input_file_ref idref="fl-f6"/>
      </object_component>
      <object_component id="oc-be">
         <name>.text</name>
         <load_address>0x162c</load_address>
         <run_address>0x162c</run_address>
         <size>0x348</size>
         <input_file_ref idref="fl-4"/>
      </object_component>
      <object_component id="oc-2ab">
         <name>.text</name>
         <load_address>0x1974</load_address>
         <run_address>0x1974</run_address>
         <size>0x324</size>
         <input_file_ref idref="fl-eb"/>
      </object_component>
      <object_component id="oc-1b9">
         <name>.text</name>
         <load_address>0x1c98</load_address>
         <run_address>0x1c98</run_address>
         <size>0x30c</size>
         <input_file_ref idref="fl-e1"/>
      </object_component>
      <object_component id="oc-7c">
         <name>.text</name>
         <load_address>0x1fa4</load_address>
         <run_address>0x1fa4</run_address>
         <size>0x230</size>
         <input_file_ref idref="fl-2"/>
      </object_component>
      <object_component id="oc-1cf">
         <name>.text</name>
         <load_address>0x21d4</load_address>
         <run_address>0x21d4</run_address>
         <size>0x1f4</size>
         <input_file_ref idref="fl-ed"/>
      </object_component>
      <object_component id="oc-294">
         <name>.text</name>
         <load_address>0x23c8</load_address>
         <run_address>0x23c8</run_address>
         <size>0x1c4</size>
         <input_file_ref idref="fl-f5"/>
      </object_component>
      <object_component id="oc-e1">
         <name>.text</name>
         <load_address>0x258c</load_address>
         <run_address>0x258c</run_address>
         <size>0x1b6</size>
         <input_file_ref idref="fl-ca"/>
      </object_component>
      <object_component id="oc-1d9">
         <name>.text</name>
         <load_address>0x2742</load_address>
         <run_address>0x2742</run_address>
         <size>0x136</size>
         <input_file_ref idref="fl-de"/>
      </object_component>
      <object_component id="oc-170">
         <name>.text</name>
         <load_address>0x2878</load_address>
         <run_address>0x2878</run_address>
         <size>0x134</size>
         <input_file_ref idref="fl-e0"/>
      </object_component>
      <object_component id="oc-dc">
         <name>.text</name>
         <load_address>0x29ac</load_address>
         <run_address>0x29ac</run_address>
         <size>0xfc</size>
         <input_file_ref idref="fl-cb"/>
      </object_component>
      <object_component id="oc-1ef">
         <name>.text</name>
         <load_address>0x2aa8</load_address>
         <run_address>0x2aa8</run_address>
         <size>0xfc</size>
         <input_file_ref idref="fl-e6"/>
      </object_component>
      <object_component id="oc-236">
         <name>.text</name>
         <load_address>0x2ba4</load_address>
         <run_address>0x2ba4</run_address>
         <size>0xdc</size>
         <input_file_ref idref="fl-f3"/>
      </object_component>
      <object_component id="oc-1b3">
         <name>.text</name>
         <load_address>0x2c80</load_address>
         <run_address>0x2c80</run_address>
         <size>0xc8</size>
         <input_file_ref idref="fl-f0"/>
      </object_component>
      <object_component id="oc-1ad">
         <name>.text</name>
         <load_address>0x2d48</load_address>
         <run_address>0x2d48</run_address>
         <size>0xac</size>
         <input_file_ref idref="fl-ee"/>
      </object_component>
      <object_component id="oc-2f">
         <name>.text</name>
         <load_address>0x2df4</load_address>
         <run_address>0x2df4</run_address>
         <size>0x9c</size>
         <input_file_ref idref="fl-ce"/>
      </object_component>
      <object_component id="oc-2d6">
         <name>.text</name>
         <load_address>0x2e90</load_address>
         <run_address>0x2e90</run_address>
         <size>0x98</size>
         <input_file_ref idref="fl-f7"/>
      </object_component>
      <object_component id="oc-16a">
         <name>.text</name>
         <load_address>0x2f28</load_address>
         <run_address>0x2f28</run_address>
         <size>0x98</size>
         <input_file_ref idref="fl-df"/>
      </object_component>
      <object_component id="oc-1d4">
         <name>.text:__aeabi_cdcmple</name>
         <load_address>0x2fc0</load_address>
         <run_address>0x2fc0</run_address>
         <size>0x86</size>
         <input_file_ref idref="fl-dd"/>
      </object_component>
      <object_component id="oc-1de">
         <name>.text:__aeabi_cdrcmple</name>
         <load_address>0x3046</load_address>
         <run_address>0x3046</run_address>
         <size>0x86</size>
         <input_file_ref idref="fl-dd"/>
      </object_component>
      <object_component id="oc-48">
         <name>.text</name>
         <load_address>0x30cc</load_address>
         <run_address>0x30cc</run_address>
         <size>0x7a</size>
         <input_file_ref idref="fl-cf"/>
      </object_component>
      <object_component id="oc-54">
         <name>.text</name>
         <load_address>0x3146</load_address>
         <run_address>0x3146</run_address>
         <size>0x2</size>
         <input_file_ref idref="fl-d0"/>
      </object_component>
      <object_component id="oc-60">
         <name>.text</name>
         <load_address>0x3148</load_address>
         <run_address>0x3148</run_address>
         <size>0x70</size>
         <input_file_ref idref="fl-d9"/>
      </object_component>
      <object_component id="oc-103">
         <name>.text</name>
         <load_address>0x31b8</load_address>
         <run_address>0x31b8</run_address>
         <size>0x70</size>
         <input_file_ref idref="fl-d2"/>
      </object_component>
      <object_component id="oc-3b">
         <name>.text</name>
         <load_address>0x3228</load_address>
         <run_address>0x3228</run_address>
         <size>0x6a</size>
         <input_file_ref idref="fl-c7"/>
      </object_component>
      <object_component id="oc-a9">
         <name>.text</name>
         <load_address>0x3292</load_address>
         <run_address>0x3292</run_address>
         <size>0x2</size>
         <input_file_ref idref="fl-e7"/>
      </object_component>
      <object_component id="oc-2e5">
         <name>.text</name>
         <load_address>0x3294</load_address>
         <run_address>0x3294</run_address>
         <size>0x68</size>
         <input_file_ref idref="fl-ec"/>
      </object_component>
      <object_component id="oc-230">
         <name>.text</name>
         <load_address>0x32fc</load_address>
         <run_address>0x32fc</run_address>
         <size>0x64</size>
         <input_file_ref idref="fl-f1"/>
      </object_component>
      <object_component id="oc-1e9">
         <name>.text</name>
         <load_address>0x3360</load_address>
         <run_address>0x3360</run_address>
         <size>0x64</size>
         <input_file_ref idref="fl-e5"/>
      </object_component>
      <object_component id="oc-1e3">
         <name>.text</name>
         <load_address>0x33c4</load_address>
         <run_address>0x33c4</run_address>
         <size>0x56</size>
         <input_file_ref idref="fl-e2"/>
      </object_component>
      <object_component id="oc-22">
         <name>.text</name>
         <load_address>0x341c</load_address>
         <run_address>0x341c</run_address>
         <size>0x54</size>
         <input_file_ref idref="fl-c5"/>
      </object_component>
      <object_component id="oc-6c">
         <name>.text</name>
         <load_address>0x3470</load_address>
         <run_address>0x3470</run_address>
         <size>0x54</size>
         <input_file_ref idref="fl-c9"/>
      </object_component>
      <object_component id="oc-201">
         <name>.text</name>
         <load_address>0x34c4</load_address>
         <run_address>0x34c4</run_address>
         <size>0x4c</size>
         <input_file_ref idref="fl-d8"/>
      </object_component>
      <object_component id="oc-a3">
         <name>.text</name>
         <load_address>0x3510</load_address>
         <run_address>0x3510</run_address>
         <size>0x4c</size>
         <input_file_ref idref="fl-da"/>
      </object_component>
      <object_component id="oc-c5">
         <name>.text:GPIO_setAsPeripheralModuleFunctionInputPin</name>
         <load_address>0x355c</load_address>
         <run_address>0x355c</run_address>
         <size>0x48</size>
         <input_file_ref idref="fl-c"/>
      </object_component>
      <object_component id="oc-e6">
         <name>.text</name>
         <load_address>0x35a4</load_address>
         <run_address>0x35a4</run_address>
         <size>0x48</size>
         <input_file_ref idref="fl-cc"/>
      </object_component>
      <object_component id="oc-109">
         <name>.text:GPIO_getEnabledInterruptStatus</name>
         <load_address>0x35ec</load_address>
         <run_address>0x35ec</run_address>
         <size>0x40</size>
         <input_file_ref idref="fl-c"/>
      </object_component>
      <object_component id="oc-f1">
         <name>.text:GPIO_setAsInputPinWithPullUpResistor</name>
         <load_address>0x362c</load_address>
         <run_address>0x362c</run_address>
         <size>0x30</size>
         <input_file_ref idref="fl-c"/>
      </object_component>
      <object_component id="oc-249">
         <name>.text</name>
         <load_address>0x365c</load_address>
         <run_address>0x365c</run_address>
         <size>0x30</size>
         <input_file_ref idref="fl-ea"/>
      </object_component>
      <object_component id="oc-d7">
         <name>.text</name>
         <load_address>0x368c</load_address>
         <run_address>0x368c</run_address>
         <size>0x2e</size>
         <input_file_ref idref="fl-cd"/>
      </object_component>
      <object_component id="oc-d1">
         <name>.text:CS_setDCOCenteredFrequency</name>
         <load_address>0x36bc</load_address>
         <run_address>0x36bc</run_address>
         <size>0x24</size>
         <input_file_ref idref="fl-b"/>
      </object_component>
      <object_component id="oc-cb">
         <name>.text:GPIO_setAsOutputPin</name>
         <load_address>0x36e0</load_address>
         <run_address>0x36e0</run_address>
         <size>0x24</size>
         <input_file_ref idref="fl-c"/>
      </object_component>
      <object_component id="oc-1c7">
         <name>.text</name>
         <load_address>0x3704</load_address>
         <run_address>0x3704</run_address>
         <size>0x20</size>
         <input_file_ref idref="fl-e4"/>
      </object_component>
      <object_component id="oc-1fb">
         <name>.text</name>
         <load_address>0x3724</load_address>
         <run_address>0x3724</run_address>
         <size>0x1c</size>
         <input_file_ref idref="fl-e3"/>
      </object_component>
      <object_component id="oc-f7">
         <name>.text:GPIO_clearInterruptFlag</name>
         <load_address>0x3740</load_address>
         <run_address>0x3740</run_address>
         <size>0x18</size>
         <input_file_ref idref="fl-c"/>
      </object_component>
      <object_component id="oc-eb">
         <name>.text:GPIO_setOutputLowOnPin</name>
         <load_address>0x3758</load_address>
         <run_address>0x3758</run_address>
         <size>0x18</size>
         <input_file_ref idref="fl-c"/>
      </object_component>
      <object_component id="oc-66">
         <name>.text</name>
         <load_address>0x3770</load_address>
         <run_address>0x3770</run_address>
         <size>0x18</size>
         <input_file_ref idref="fl-d7"/>
      </object_component>
      <object_component id="oc-243">
         <name>.text</name>
         <load_address>0x3788</load_address>
         <run_address>0x3788</run_address>
         <size>0x18</size>
         <input_file_ref idref="fl-e9"/>
      </object_component>
      <object_component id="oc-1f5">
         <name>.text</name>
         <load_address>0x37a0</load_address>
         <run_address>0x37a0</run_address>
         <size>0x16</size>
         <input_file_ref idref="fl-e8"/>
      </object_component>
      <object_component id="oc-fd">
         <name>.text:GPIO_enableInterrupt</name>
         <load_address>0x37b8</load_address>
         <run_address>0x37b8</run_address>
         <size>0x14</size>
         <input_file_ref idref="fl-c"/>
      </object_component>
      <object_component id="oc-10f">
         <name>.text:GPIO_setOutputHighOnPin</name>
         <load_address>0x37cc</load_address>
         <run_address>0x37cc</run_address>
         <size>0x14</size>
         <input_file_ref idref="fl-c"/>
      </object_component>
      <object_component id="oc-149">
         <name>.text</name>
         <load_address>0x37e0</load_address>
         <run_address>0x37e0</run_address>
         <size>0x14</size>
         <input_file_ref idref="fl-d5"/>
      </object_component>
      <object_component id="oc-26f">
         <name>.text</name>
         <load_address>0x37f4</load_address>
         <run_address>0x37f4</run_address>
         <size>0x14</size>
         <input_file_ref idref="fl-f2"/>
      </object_component>
      <object_component id="oc-2eb">
         <name>.text</name>
         <load_address>0x3808</load_address>
         <run_address>0x3808</run_address>
         <size>0x14</size>
         <input_file_ref idref="fl-f4"/>
      </object_component>
      <object_component id="oc-1c1">
         <name>.text</name>
         <load_address>0x381c</load_address>
         <run_address>0x381c</run_address>
         <size>0x14</size>
         <input_file_ref idref="fl-d4"/>
      </object_component>
      <object_component id="oc-76">
         <name>.text</name>
         <load_address>0x3830</load_address>
         <run_address>0x3830</run_address>
         <size>0x12</size>
         <input_file_ref idref="fl-3"/>
      </object_component>
      <object_component id="oc-186">
         <name>.text:GPIO_getInterruptStatus</name>
         <load_address>0x3844</load_address>
         <run_address>0x3844</run_address>
         <size>0x10</size>
         <input_file_ref idref="fl-c"/>
      </object_component>
      <object_component id="oc-10">
         <name>.text:decompress:none</name>
         <load_address>0x3854</load_address>
         <run_address>0x3854</run_address>
         <size>0xe</size>
         <input_file_ref idref="fl-c6"/>
      </object_component>
      <object_component id="oc-16">
         <name>.text:decompress:rle24</name>
         <load_address>0x3862</load_address>
         <run_address>0x3862</run_address>
         <size>0x6</size>
         <input_file_ref idref="fl-c7"/>
      </object_component>
      <object_component id="oc-5a">
         <name>.text</name>
         <load_address>0x3868</load_address>
         <run_address>0x3868</run_address>
         <size>0x4</size>
         <input_file_ref idref="fl-d1"/>
      </object_component>
      <object_component id="oc-27e">
         <name>.const:.string:_ctypes_</name>
         <load_address>0x386c</load_address>
         <run_address>0x386c</run_address>
         <size>0x101</size>
         <input_file_ref idref="fl-db"/>
      </object_component>
      <object_component id="oc-339">
         <name>.cinit..data.load</name>
         <load_address>0x3970</load_address>
         <run_address>0x3970</run_address>
         <size>0xaa</size>
      </object_component>
      <object_component id="oc-33a">
         <name>.cinit..bss.load</name>
         <load_address>0x3a20</load_address>
         <run_address>0x3a20</run_address>
         <size>0xb</size>
      </object_component>
      <object_component id="oc-337">
         <name>__TI_handler_table</name>
         <load_address>0x3a2c</load_address>
         <run_address>0x3a2c</run_address>
         <size>0x8</size>
      </object_component>
      <object_component id="oc-338">
         <name>__TI_cinit_table</name>
         <load_address>0x3a34</load_address>
         <run_address>0x3a34</run_address>
         <size>0x10</size>
      </object_component>
      <object_component id="oc-155">
         <name>.data</name>
         <load_address>0x20000a2c</load_address>
         <run_address>0x20000a2c</run_address>
         <size>0x4</size>
         <input_file_ref idref="fl-4"/>
      </object_component>
      <object_component id="oc-159">
         <name>.data:GPIO_PORT_TO_BASE</name>
         <load_address>0x200009c0</load_address>
         <run_address>0x200009c0</run_address>
         <size>0x30</size>
         <input_file_ref idref="fl-c"/>
      </object_component>
      <object_component id="oc-b3">
         <name>.data:$O1$$</name>
         <load_address>0x20000a00</load_address>
         <run_address>0x20000a00</run_address>
         <size>0xc</size>
         <input_file_ref idref="fl-c9"/>
      </object_component>
      <object_component id="oc-72">
         <name>.data</name>
         <load_address>0x20000a28</load_address>
         <run_address>0x20000a28</run_address>
         <size>0x4</size>
         <input_file_ref idref="fl-d3"/>
      </object_component>
      <object_component id="oc-b6">
         <name>.data:$O1$$</name>
         <load_address>0x20000a18</load_address>
         <run_address>0x20000a18</run_address>
         <size>0x8</size>
         <input_file_ref idref="fl-d5"/>
      </object_component>
      <object_component id="oc-17c">
         <name>.data:_ftable</name>
         <load_address>0x20000800</load_address>
         <run_address>0x20000800</run_address>
         <size>0xf0</size>
         <input_file_ref idref="fl-dc"/>
      </object_component>
      <object_component id="oc-23e">
         <name>.data</name>
         <load_address>0x200009f0</load_address>
         <run_address>0x200009f0</run_address>
         <size>0x10</size>
         <input_file_ref idref="fl-dc"/>
      </object_component>
      <object_component id="oc-24f">
         <name>.data:$O1$$</name>
         <load_address>0x200008f0</load_address>
         <run_address>0x200008f0</run_address>
         <size>0xd0</size>
         <input_file_ref idref="fl-e1"/>
      </object_component>
      <object_component id="oc-275">
         <name>.data</name>
         <load_address>0x20000a20</load_address>
         <run_address>0x20000a20</run_address>
         <size>0x4</size>
         <input_file_ref idref="fl-ef"/>
      </object_component>
      <object_component id="oc-2dc">
         <name>.data</name>
         <load_address>0x20000a24</load_address>
         <run_address>0x20000a24</run_address>
         <size>0x4</size>
         <input_file_ref idref="fl-f5"/>
      </object_component>
      <object_component id="oc-2d2">
         <name>.data:$O1$$</name>
         <load_address>0x20000a0c</load_address>
         <run_address>0x20000a0c</run_address>
         <size>0xc</size>
         <input_file_ref idref="fl-f6"/>
      </object_component>
      <object_component id="oc-115">
         <name>.bss</name>
         <uninitialized>true</uninitialized>
         <run_address>0x20000bf0</run_address>
         <size>0x1d</size>
         <input_file_ref idref="fl-2"/>
      </object_component>
      <object_component id="oc-2f1">
         <name>.bss:parmbuf</name>
         <uninitialized>true</uninitialized>
         <run_address>0x20000c0d</run_address>
         <size>0x8</size>
         <input_file_ref idref="fl-eb"/>
      </object_component>
      <object_component id="oc-304">
         <name>.bss:_CIOBUF_</name>
         <uninitialized>true</uninitialized>
         <run_address>0x20000a30</run_address>
         <size>0x120</size>
         <input_file_ref idref="fl-ec"/>
      </object_component>
      <object_component id="oc-2ff">
         <name>.common:__TI_tmpnams</name>
         <uninitialized>true</uninitialized>
         <run_address>0x20000b50</run_address>
         <size>0xa0</size>
      </object_component>
      <object_component id="oc-2c">
         <name>.sysmem</name>
         <uninitialized>true</uninitialized>
         <run_address>0x20000000</run_address>
         <size>0x8</size>
         <input_file_ref idref="fl-f6"/>
      </object_component>
      <object_component id="oc-33c">
         <name>.sysmem</name>
         <uninitialized>true</uninitialized>
         <run_address>0x20000000</run_address>
         <size>0x0</size>
      </object_component>
      <object_component id="oc-2b">
         <name>.stack</name>
         <uninitialized>true</uninitialized>
         <run_address>0x2000fe00</run_address>
         <size>0x0</size>
         <input_file_ref idref="fl-c5"/>
      </object_component>
      <object_component id="oc-33b">
         <name>.stack</name>
         <uninitialized>true</uninitialized>
         <run_address>0x2000fe00</run_address>
         <size>0x0</size>
      </object_component>
      <object_component id="oc-190">
         <name>.debug_info</name>
         <load_address>0x0</load_address>
         <run_address>0x0</run_address>
         <size>0x65a</size>
         <input_file_ref idref="fl-2"/>
      </object_component>
      <object_component id="oc-116">
         <name>.debug_info</name>
         <load_address>0x65a</load_address>
         <run_address>0x65a</run_address>
         <size>0x18f</size>
         <input_file_ref idref="fl-2"/>
      </object_component>
      <object_component id="oc-7e">
         <name>.debug_info</name>
         <load_address>0x7e9</load_address>
         <run_address>0x7e9</run_address>
         <size>0x539</size>
         <input_file_ref idref="fl-2"/>
      </object_component>
      <object_component id="oc-22b">
         <name>.debug_info</name>
         <load_address>0xd22</load_address>
         <run_address>0xd22</run_address>
         <size>0x103e</size>
         <input_file_ref idref="fl-2"/>
      </object_component>
      <object_component id="oc-226">
         <name>.debug_info</name>
         <load_address>0x1d60</load_address>
         <run_address>0x1d60</run_address>
         <size>0x36f2</size>
         <input_file_ref idref="fl-2"/>
      </object_component>
      <object_component id="oc-1a8">
         <name>.debug_info</name>
         <load_address>0x5452</load_address>
         <run_address>0x5452</run_address>
         <size>0x1b5</size>
         <input_file_ref idref="fl-2"/>
      </object_component>
      <object_component id="oc-11e">
         <name>.debug_info</name>
         <load_address>0x5607</load_address>
         <run_address>0x5607</run_address>
         <size>0x8b</size>
         <input_file_ref idref="fl-2"/>
      </object_component>
      <object_component id="oc-119">
         <name>.debug_info</name>
         <load_address>0x5692</load_address>
         <run_address>0x5692</run_address>
         <size>0x18b</size>
         <input_file_ref idref="fl-2"/>
      </object_component>
      <object_component id="oc-99">
         <name>.debug_info</name>
         <load_address>0x581d</load_address>
         <run_address>0x581d</run_address>
         <size>0x2c</size>
         <input_file_ref idref="fl-2"/>
      </object_component>
      <object_component id="oc-84">
         <name>.debug_info</name>
         <load_address>0x5849</load_address>
         <run_address>0x5849</run_address>
         <size>0x13e</size>
         <input_file_ref idref="fl-3"/>
      </object_component>
      <object_component id="oc-29">
         <name>.debug_info</name>
         <load_address>0x5987</load_address>
         <run_address>0x5987</run_address>
         <size>0xed</size>
         <input_file_ref idref="fl-3"/>
      </object_component>
      <object_component id="oc-78">
         <name>.debug_info</name>
         <load_address>0x5a74</load_address>
         <run_address>0x5a74</run_address>
         <size>0x254</size>
         <input_file_ref idref="fl-3"/>
      </object_component>
      <object_component id="oc-91">
         <name>.debug_info</name>
         <load_address>0x5cc8</load_address>
         <run_address>0x5cc8</run_address>
         <size>0x84</size>
         <input_file_ref idref="fl-3"/>
      </object_component>
      <object_component id="oc-156">
         <name>.debug_info</name>
         <load_address>0x5d4c</load_address>
         <run_address>0x5d4c</run_address>
         <size>0xe6</size>
         <input_file_ref idref="fl-4"/>
      </object_component>
      <object_component id="oc-c1">
         <name>.debug_info</name>
         <load_address>0x5e32</load_address>
         <run_address>0x5e32</run_address>
         <size>0x259</size>
         <input_file_ref idref="fl-4"/>
      </object_component>
      <object_component id="oc-160">
         <name>.debug_info</name>
         <load_address>0x608b</load_address>
         <run_address>0x608b</run_address>
         <size>0x5e9</size>
         <input_file_ref idref="fl-b"/>
      </object_component>
      <object_component id="oc-d2">
         <name>.debug_info</name>
         <load_address>0x6674</load_address>
         <run_address>0x6674</run_address>
         <size>0x12c</size>
         <input_file_ref idref="fl-b"/>
      </object_component>
      <object_component id="oc-1a1">
         <name>.debug_info</name>
         <load_address>0x67a0</load_address>
         <run_address>0x67a0</run_address>
         <size>0x103e</size>
         <input_file_ref idref="fl-b"/>
      </object_component>
      <object_component id="oc-15d">
         <name>.debug_info</name>
         <load_address>0x77de</load_address>
         <run_address>0x77de</run_address>
         <size>0x49e</size>
         <input_file_ref idref="fl-c"/>
      </object_component>
      <object_component id="oc-15a">
         <name>.debug_info</name>
         <load_address>0x7c7c</load_address>
         <run_address>0x7c7c</run_address>
         <size>0xca</size>
         <input_file_ref idref="fl-c"/>
      </object_component>
      <object_component id="oc-ed">
         <name>.debug_info</name>
         <load_address>0x7d46</load_address>
         <run_address>0x7d46</run_address>
         <size>0x17d</size>
         <input_file_ref idref="fl-c"/>
      </object_component>
      <object_component id="oc-111">
         <name>.debug_info</name>
         <load_address>0x7ec3</load_address>
         <run_address>0x7ec3</run_address>
         <size>0x17f</size>
         <input_file_ref idref="fl-c"/>
      </object_component>
      <object_component id="oc-c6">
         <name>.debug_info</name>
         <load_address>0x8042</load_address>
         <run_address>0x8042</run_address>
         <size>0x1d5</size>
         <input_file_ref idref="fl-c"/>
      </object_component>
      <object_component id="oc-cd">
         <name>.debug_info</name>
         <load_address>0x8217</load_address>
         <run_address>0x8217</run_address>
         <size>0x196</size>
         <input_file_ref idref="fl-c"/>
      </object_component>
      <object_component id="oc-f3">
         <name>.debug_info</name>
         <load_address>0x83ad</load_address>
         <run_address>0x83ad</run_address>
         <size>0x1b8</size>
         <input_file_ref idref="fl-c"/>
      </object_component>
      <object_component id="oc-188">
         <name>.debug_info</name>
         <load_address>0x8565</load_address>
         <run_address>0x8565</run_address>
         <size>0x183</size>
         <input_file_ref idref="fl-c"/>
      </object_component>
      <object_component id="oc-10b">
         <name>.debug_info</name>
         <load_address>0x86e8</load_address>
         <run_address>0x86e8</run_address>
         <size>0x1ae</size>
         <input_file_ref idref="fl-c"/>
      </object_component>
      <object_component id="oc-ff">
         <name>.debug_info</name>
         <load_address>0x8896</load_address>
         <run_address>0x8896</run_address>
         <size>0x179</size>
         <input_file_ref idref="fl-c"/>
      </object_component>
      <object_component id="oc-f9">
         <name>.debug_info</name>
         <load_address>0x8a0f</load_address>
         <run_address>0x8a0f</run_address>
         <size>0x182</size>
         <input_file_ref idref="fl-c"/>
      </object_component>
      <object_component id="oc-24">
         <name>.debug_info</name>
         <load_address>0x8b91</load_address>
         <run_address>0x8b91</run_address>
         <size>0x17c</size>
         <input_file_ref idref="fl-c5"/>
      </object_component>
      <object_component id="oc-3a">
         <name>.debug_info</name>
         <load_address>0x8d0d</load_address>
         <run_address>0x8d0d</run_address>
         <size>0x15c</size>
         <input_file_ref idref="fl-c6"/>
      </object_component>
      <object_component id="oc-14">
         <name>.debug_info</name>
         <load_address>0x8e69</load_address>
         <run_address>0x8e69</run_address>
         <size>0x1fb</size>
         <input_file_ref idref="fl-c6"/>
      </object_component>
      <object_component id="oc-35">
         <name>.debug_info</name>
         <load_address>0x9064</load_address>
         <run_address>0x9064</run_address>
         <size>0x46</size>
         <input_file_ref idref="fl-c6"/>
      </object_component>
      <object_component id="oc-8a">
         <name>.debug_info</name>
         <load_address>0x90aa</load_address>
         <run_address>0x90aa</run_address>
         <size>0x2c</size>
         <input_file_ref idref="fl-c6"/>
      </object_component>
      <object_component id="oc-42">
         <name>.debug_info</name>
         <load_address>0x90d6</load_address>
         <run_address>0x90d6</run_address>
         <size>0x150</size>
         <input_file_ref idref="fl-c7"/>
      </object_component>
      <object_component id="oc-3d">
         <name>.debug_info</name>
         <load_address>0x9226</load_address>
         <run_address>0x9226</run_address>
         <size>0x263</size>
         <input_file_ref idref="fl-c7"/>
      </object_component>
      <object_component id="oc-18">
         <name>.debug_info</name>
         <load_address>0x9489</load_address>
         <run_address>0x9489</run_address>
         <size>0x1cd</size>
         <input_file_ref idref="fl-c7"/>
      </object_component>
      <object_component id="oc-43">
         <name>.debug_info</name>
         <load_address>0x9656</load_address>
         <run_address>0x9656</run_address>
         <size>0x39</size>
         <input_file_ref idref="fl-c7"/>
      </object_component>
      <object_component id="oc-ba">
         <name>.debug_info</name>
         <load_address>0x968f</load_address>
         <run_address>0x968f</run_address>
         <size>0x250</size>
         <input_file_ref idref="fl-c9"/>
      </object_component>
      <object_component id="oc-b4">
         <name>.debug_info</name>
         <load_address>0x98df</load_address>
         <run_address>0x98df</run_address>
         <size>0x1a1</size>
         <input_file_ref idref="fl-c9"/>
      </object_component>
      <object_component id="oc-6d">
         <name>.debug_info</name>
         <load_address>0x9a80</load_address>
         <run_address>0x9a80</run_address>
         <size>0x230</size>
         <input_file_ref idref="fl-c9"/>
      </object_component>
      <object_component id="oc-e2">
         <name>.debug_info</name>
         <load_address>0x9cb0</load_address>
         <run_address>0x9cb0</run_address>
         <size>0x160</size>
         <input_file_ref idref="fl-ca"/>
      </object_component>
      <object_component id="oc-dd">
         <name>.debug_info</name>
         <load_address>0x9e10</load_address>
         <run_address>0x9e10</run_address>
         <size>0x14e</size>
         <input_file_ref idref="fl-cb"/>
      </object_component>
      <object_component id="oc-e7">
         <name>.debug_info</name>
         <load_address>0x9f5e</load_address>
         <run_address>0x9f5e</run_address>
         <size>0x142</size>
         <input_file_ref idref="fl-cc"/>
      </object_component>
      <object_component id="oc-d8">
         <name>.debug_info</name>
         <load_address>0xa0a0</load_address>
         <run_address>0xa0a0</run_address>
         <size>0x140</size>
         <input_file_ref idref="fl-cd"/>
      </object_component>
      <object_component id="oc-32">
         <name>.debug_info</name>
         <load_address>0xa1e0</load_address>
         <run_address>0xa1e0</run_address>
         <size>0x12d</size>
         <input_file_ref idref="fl-ce"/>
      </object_component>
      <object_component id="oc-49">
         <name>.debug_info</name>
         <load_address>0xa30d</load_address>
         <run_address>0xa30d</run_address>
         <size>0x15b</size>
         <input_file_ref idref="fl-cf"/>
      </object_component>
      <object_component id="oc-55">
         <name>.debug_info</name>
         <load_address>0xa468</load_address>
         <run_address>0xa468</run_address>
         <size>0x154</size>
         <input_file_ref idref="fl-d0"/>
      </object_component>
      <object_component id="oc-5c">
         <name>.debug_info</name>
         <load_address>0xa5bc</load_address>
         <run_address>0xa5bc</run_address>
         <size>0x164</size>
         <input_file_ref idref="fl-d1"/>
      </object_component>
      <object_component id="oc-180">
         <name>.debug_info</name>
         <load_address>0xa720</load_address>
         <run_address>0xa720</run_address>
         <size>0x248</size>
         <input_file_ref idref="fl-d2"/>
      </object_component>
      <object_component id="oc-104">
         <name>.debug_info</name>
         <load_address>0xa968</load_address>
         <run_address>0xa968</run_address>
         <size>0x2a0</size>
         <input_file_ref idref="fl-d2"/>
      </object_component>
      <object_component id="oc-21e">
         <name>.debug_info</name>
         <load_address>0xac08</load_address>
         <run_address>0xac08</run_address>
         <size>0xae</size>
         <input_file_ref idref="fl-d2"/>
      </object_component>
      <object_component id="oc-181">
         <name>.debug_info</name>
         <load_address>0xacb6</load_address>
         <run_address>0xacb6</run_address>
         <size>0x4e</size>
         <input_file_ref idref="fl-d2"/>
      </object_component>
      <object_component id="oc-73">
         <name>.debug_info</name>
         <load_address>0xad04</load_address>
         <run_address>0xad04</run_address>
         <size>0x125</size>
         <input_file_ref idref="fl-d3"/>
      </object_component>
      <object_component id="oc-25d">
         <name>.debug_info</name>
         <load_address>0xae29</load_address>
         <run_address>0xae29</run_address>
         <size>0x106</size>
         <input_file_ref idref="fl-d4"/>
      </object_component>
      <object_component id="oc-1c4">
         <name>.debug_info</name>
         <load_address>0xaf2f</load_address>
         <run_address>0xaf2f</run_address>
         <size>0x27c</size>
         <input_file_ref idref="fl-d4"/>
      </object_component>
      <object_component id="oc-151">
         <name>.debug_info</name>
         <load_address>0xb1ab</load_address>
         <run_address>0xb1ab</run_address>
         <size>0x140</size>
         <input_file_ref idref="fl-d5"/>
      </object_component>
      <object_component id="oc-b7">
         <name>.debug_info</name>
         <load_address>0xb2eb</load_address>
         <run_address>0xb2eb</run_address>
         <size>0x12f</size>
         <input_file_ref idref="fl-d5"/>
      </object_component>
      <object_component id="oc-14c">
         <name>.debug_info</name>
         <load_address>0xb41a</load_address>
         <run_address>0xb41a</run_address>
         <size>0x23b</size>
         <input_file_ref idref="fl-d5"/>
      </object_component>
      <object_component id="oc-208">
         <name>.debug_info</name>
         <load_address>0xb655</load_address>
         <run_address>0xb655</run_address>
         <size>0x3ac</size>
         <input_file_ref idref="fl-d6"/>
      </object_component>
      <object_component id="oc-178">
         <name>.debug_info</name>
         <load_address>0xba01</load_address>
         <run_address>0xba01</run_address>
         <size>0x180c</size>
         <input_file_ref idref="fl-d6"/>
      </object_component>
      <object_component id="oc-209">
         <name>.debug_info</name>
         <load_address>0xd20d</load_address>
         <run_address>0xd20d</run_address>
         <size>0x86</size>
         <input_file_ref idref="fl-d6"/>
      </object_component>
      <object_component id="oc-20e">
         <name>.debug_info</name>
         <load_address>0xd293</load_address>
         <run_address>0xd293</run_address>
         <size>0x2c</size>
         <input_file_ref idref="fl-d6"/>
      </object_component>
      <object_component id="oc-285">
         <name>.debug_info</name>
         <load_address>0xd2bf</load_address>
         <run_address>0xd2bf</run_address>
         <size>0x46</size>
         <input_file_ref idref="fl-d6"/>
      </object_component>
      <object_component id="oc-213">
         <name>.debug_info</name>
         <load_address>0xd305</load_address>
         <run_address>0xd305</run_address>
         <size>0x39</size>
         <input_file_ref idref="fl-d6"/>
      </object_component>
      <object_component id="oc-b2">
         <name>.debug_info</name>
         <load_address>0xd33e</load_address>
         <run_address>0xd33e</run_address>
         <size>0x182</size>
         <input_file_ref idref="fl-d7"/>
      </object_component>
      <object_component id="oc-6a">
         <name>.debug_info</name>
         <load_address>0xd4c0</load_address>
         <run_address>0xd4c0</run_address>
         <size>0x183</size>
         <input_file_ref idref="fl-d7"/>
      </object_component>
      <object_component id="oc-142">
         <name>.debug_info</name>
         <load_address>0xd643</load_address>
         <run_address>0xd643</run_address>
         <size>0x5e</size>
         <input_file_ref idref="fl-d7"/>
      </object_component>
      <object_component id="oc-282">
         <name>.debug_info</name>
         <load_address>0xd6a1</load_address>
         <run_address>0xd6a1</run_address>
         <size>0x130</size>
         <input_file_ref idref="fl-d8"/>
      </object_component>
      <object_component id="oc-204">
         <name>.debug_info</name>
         <load_address>0xd7d1</load_address>
         <run_address>0xd7d1</run_address>
         <size>0x18d</size>
         <input_file_ref idref="fl-d8"/>
      </object_component>
      <object_component id="oc-b0">
         <name>.debug_info</name>
         <load_address>0xd95e</load_address>
         <run_address>0xd95e</run_address>
         <size>0x305</size>
         <input_file_ref idref="fl-d9"/>
      </object_component>
      <object_component id="oc-61">
         <name>.debug_info</name>
         <load_address>0xdc63</load_address>
         <run_address>0xdc63</run_address>
         <size>0x1ac</size>
         <input_file_ref idref="fl-d9"/>
      </object_component>
      <object_component id="oc-136">
         <name>.debug_info</name>
         <load_address>0xde0f</load_address>
         <run_address>0xde0f</run_address>
         <size>0x39</size>
         <input_file_ref idref="fl-d9"/>
      </object_component>
      <object_component id="oc-13b">
         <name>.debug_info</name>
         <load_address>0xde48</load_address>
         <run_address>0xde48</run_address>
         <size>0xcd</size>
         <input_file_ref idref="fl-d9"/>
      </object_component>
      <object_component id="oc-132">
         <name>.debug_info</name>
         <load_address>0xdf15</load_address>
         <run_address>0xdf15</run_address>
         <size>0x1fc</size>
         <input_file_ref idref="fl-da"/>
      </object_component>
      <object_component id="oc-a4">
         <name>.debug_info</name>
         <load_address>0xe111</load_address>
         <run_address>0xe111</run_address>
         <size>0x19f</size>
         <input_file_ref idref="fl-da"/>
      </object_component>
      <object_component id="oc-193">
         <name>.debug_info</name>
         <load_address>0xe2b0</load_address>
         <run_address>0xe2b0</run_address>
         <size>0x2c</size>
         <input_file_ref idref="fl-da"/>
      </object_component>
      <object_component id="oc-2cd">
         <name>.debug_info</name>
         <load_address>0xe2dc</load_address>
         <run_address>0xe2dc</run_address>
         <size>0x10a</size>
         <input_file_ref idref="fl-db"/>
      </object_component>
      <object_component id="oc-27f">
         <name>.debug_info</name>
         <load_address>0xe3e6</load_address>
         <run_address>0xe3e6</run_address>
         <size>0x116</size>
         <input_file_ref idref="fl-db"/>
      </object_component>
      <object_component id="oc-21a">
         <name>.debug_info</name>
         <load_address>0xe4fc</load_address>
         <run_address>0xe4fc</run_address>
         <size>0x155</size>
         <input_file_ref idref="fl-dc"/>
      </object_component>
      <object_component id="oc-17d">
         <name>.debug_info</name>
         <load_address>0xe651</load_address>
         <run_address>0xe651</run_address>
         <size>0x113</size>
         <input_file_ref idref="fl-dc"/>
      </object_component>
      <object_component id="oc-23f">
         <name>.debug_info</name>
         <load_address>0xe764</load_address>
         <run_address>0xe764</run_address>
         <size>0x1a0</size>
         <input_file_ref idref="fl-dc"/>
      </object_component>
      <object_component id="oc-1d5">
         <name>.debug_info</name>
         <load_address>0xe904</load_address>
         <run_address>0xe904</run_address>
         <size>0x13c</size>
         <input_file_ref idref="fl-dd"/>
      </object_component>
      <object_component id="oc-1e0">
         <name>.debug_info</name>
         <load_address>0xea40</load_address>
         <run_address>0xea40</run_address>
         <size>0x13e</size>
         <input_file_ref idref="fl-dd"/>
      </object_component>
      <object_component id="oc-1dc">
         <name>.debug_info</name>
         <load_address>0xeb7e</load_address>
         <run_address>0xeb7e</run_address>
         <size>0x14e</size>
         <input_file_ref idref="fl-de"/>
      </object_component>
      <object_component id="oc-1c0">
         <name>.debug_info</name>
         <load_address>0xeccc</load_address>
         <run_address>0xeccc</run_address>
         <size>0x1fa</size>
         <input_file_ref idref="fl-df"/>
      </object_component>
      <object_component id="oc-16b">
         <name>.debug_info</name>
         <load_address>0xeec6</load_address>
         <run_address>0xeec6</run_address>
         <size>0x25b</size>
         <input_file_ref idref="fl-df"/>
      </object_component>
      <object_component id="oc-1ce">
         <name>.debug_info</name>
         <load_address>0xf121</load_address>
         <run_address>0xf121</run_address>
         <size>0x2be</size>
         <input_file_ref idref="fl-e0"/>
      </object_component>
      <object_component id="oc-173">
         <name>.debug_info</name>
         <load_address>0xf3df</load_address>
         <run_address>0xf3df</run_address>
         <size>0x375</size>
         <input_file_ref idref="fl-e0"/>
      </object_component>
      <object_component id="oc-253">
         <name>.debug_info</name>
         <load_address>0xf754</load_address>
         <run_address>0xf754</run_address>
         <size>0x4bc</size>
         <input_file_ref idref="fl-e1"/>
      </object_component>
      <object_component id="oc-250">
         <name>.debug_info</name>
         <load_address>0xfc10</load_address>
         <run_address>0xfc10</run_address>
         <size>0x132</size>
         <input_file_ref idref="fl-e1"/>
      </object_component>
      <object_component id="oc-1bb">
         <name>.debug_info</name>
         <load_address>0xfd42</load_address>
         <run_address>0xfd42</run_address>
         <size>0xb27</size>
         <input_file_ref idref="fl-e1"/>
      </object_component>
      <object_component id="oc-2b5">
         <name>.debug_info</name>
         <load_address>0x10869</load_address>
         <run_address>0x10869</run_address>
         <size>0x120</size>
         <input_file_ref idref="fl-e1"/>
      </object_component>
      <object_component id="oc-255">
         <name>.debug_info</name>
         <load_address>0x10989</load_address>
         <run_address>0x10989</run_address>
         <size>0x2c</size>
         <input_file_ref idref="fl-e1"/>
      </object_component>
      <object_component id="oc-267">
         <name>.debug_info</name>
         <load_address>0x109b5</load_address>
         <run_address>0x109b5</run_address>
         <size>0x168</size>
         <input_file_ref idref="fl-e2"/>
      </object_component>
      <object_component id="oc-1e4">
         <name>.debug_info</name>
         <load_address>0x10b1d</load_address>
         <run_address>0x10b1d</run_address>
         <size>0x1de</size>
         <input_file_ref idref="fl-e2"/>
      </object_component>
      <object_component id="oc-27d">
         <name>.debug_info</name>
         <load_address>0x10cfb</load_address>
         <run_address>0x10cfb</run_address>
         <size>0x10d</size>
         <input_file_ref idref="fl-e3"/>
      </object_component>
      <object_component id="oc-1fc">
         <name>.debug_info</name>
         <load_address>0x10e08</load_address>
         <run_address>0x10e08</run_address>
         <size>0x1c7</size>
         <input_file_ref idref="fl-e3"/>
      </object_component>
      <object_component id="oc-25f">
         <name>.debug_info</name>
         <load_address>0x10fcf</load_address>
         <run_address>0x10fcf</run_address>
         <size>0x11c</size>
         <input_file_ref idref="fl-e4"/>
      </object_component>
      <object_component id="oc-1ca">
         <name>.debug_info</name>
         <load_address>0x110eb</load_address>
         <run_address>0x110eb</run_address>
         <size>0x294</size>
         <input_file_ref idref="fl-e4"/>
      </object_component>
      <object_component id="oc-269">
         <name>.debug_info</name>
         <load_address>0x1137f</load_address>
         <run_address>0x1137f</run_address>
         <size>0x15b</size>
         <input_file_ref idref="fl-e5"/>
      </object_component>
      <object_component id="oc-1ed">
         <name>.debug_info</name>
         <load_address>0x114da</load_address>
         <run_address>0x114da</run_address>
         <size>0x1a6</size>
         <input_file_ref idref="fl-e5"/>
      </object_component>
      <object_component id="oc-26a">
         <name>.debug_info</name>
         <load_address>0x11680</load_address>
         <run_address>0x11680</run_address>
         <size>0x2c</size>
         <input_file_ref idref="fl-e5"/>
      </object_component>
      <object_component id="oc-279">
         <name>.debug_info</name>
         <load_address>0x116ac</load_address>
         <run_address>0x116ac</run_address>
         <size>0x198</size>
         <input_file_ref idref="fl-e6"/>
      </object_component>
      <object_component id="oc-1f0">
         <name>.debug_info</name>
         <load_address>0x11844</load_address>
         <run_address>0x11844</run_address>
         <size>0x1f1</size>
         <input_file_ref idref="fl-e6"/>
      </object_component>
      <object_component id="oc-aa">
         <name>.debug_info</name>
         <load_address>0x11a35</load_address>
         <run_address>0x11a35</run_address>
         <size>0x161</size>
         <input_file_ref idref="fl-e7"/>
      </object_component>
      <object_component id="oc-27b">
         <name>.debug_info</name>
         <load_address>0x11b96</load_address>
         <run_address>0x11b96</run_address>
         <size>0x111</size>
         <input_file_ref idref="fl-e8"/>
      </object_component>
      <object_component id="oc-1f6">
         <name>.debug_info</name>
         <load_address>0x11ca7</load_address>
         <run_address>0x11ca7</run_address>
         <size>0x296</size>
         <input_file_ref idref="fl-e8"/>
      </object_component>
      <object_component id="oc-2a8">
         <name>.debug_info</name>
         <load_address>0x11f3d</load_address>
         <run_address>0x11f3d</run_address>
         <size>0x101</size>
         <input_file_ref idref="fl-e9"/>
      </object_component>
      <object_component id="oc-244">
         <name>.debug_info</name>
         <load_address>0x1203e</load_address>
         <run_address>0x1203e</run_address>
         <size>0x2aa</size>
         <input_file_ref idref="fl-e9"/>
      </object_component>
      <object_component id="oc-2aa">
         <name>.debug_info</name>
         <load_address>0x122e8</load_address>
         <run_address>0x122e8</run_address>
         <size>0x112</size>
         <input_file_ref idref="fl-ea"/>
      </object_component>
      <object_component id="oc-24a">
         <name>.debug_info</name>
         <load_address>0x123fa</load_address>
         <run_address>0x123fa</run_address>
         <size>0x2ab</size>
         <input_file_ref idref="fl-ea"/>
      </object_component>
      <object_component id="oc-2f5">
         <name>.debug_info</name>
         <load_address>0x126a5</load_address>
         <run_address>0x126a5</run_address>
         <size>0x26b</size>
         <input_file_ref idref="fl-eb"/>
      </object_component>
      <object_component id="oc-2f2">
         <name>.debug_info</name>
         <load_address>0x12910</load_address>
         <run_address>0x12910</run_address>
         <size>0x114</size>
         <input_file_ref idref="fl-eb"/>
      </object_component>
      <object_component id="oc-2ac">
         <name>.debug_info</name>
         <load_address>0x12a24</load_address>
         <run_address>0x12a24</run_address>
         <size>0xad5</size>
         <input_file_ref idref="fl-eb"/>
      </object_component>
      <object_component id="oc-2f6">
         <name>.debug_info</name>
         <load_address>0x134f9</load_address>
         <run_address>0x134f9</run_address>
         <size>0x53</size>
         <input_file_ref idref="fl-eb"/>
      </object_component>
      <object_component id="oc-308">
         <name>.debug_info</name>
         <load_address>0x1354c</load_address>
         <run_address>0x1354c</run_address>
         <size>0x132</size>
         <input_file_ref idref="fl-ec"/>
      </object_component>
      <object_component id="oc-305">
         <name>.debug_info</name>
         <load_address>0x1367e</load_address>
         <run_address>0x1367e</run_address>
         <size>0x119</size>
         <input_file_ref idref="fl-ec"/>
      </object_component>
      <object_component id="oc-2e8">
         <name>.debug_info</name>
         <load_address>0x13797</load_address>
         <run_address>0x13797</run_address>
         <size>0x29d</size>
         <input_file_ref idref="fl-ec"/>
      </object_component>
      <object_component id="oc-1d0">
         <name>.debug_info</name>
         <load_address>0x13a34</load_address>
         <run_address>0x13a34</run_address>
         <size>0x199</size>
         <input_file_ref idref="fl-ed"/>
      </object_component>
      <object_component id="oc-23d">
         <name>.debug_info</name>
         <load_address>0x13bcd</load_address>
         <run_address>0x13bcd</run_address>
         <size>0x16d</size>
         <input_file_ref idref="fl-ee"/>
      </object_component>
      <object_component id="oc-1af">
         <name>.debug_info</name>
         <load_address>0x13d3a</load_address>
         <run_address>0x13d3a</run_address>
         <size>0x24c</size>
         <input_file_ref idref="fl-ee"/>
      </object_component>
      <object_component id="oc-29c">
         <name>.debug_info</name>
         <load_address>0x13f86</load_address>
         <run_address>0x13f86</run_address>
         <size>0xbb</size>
         <input_file_ref idref="fl-ee"/>
      </object_component>
      <object_component id="oc-276">
         <name>.debug_info</name>
         <load_address>0x14041</load_address>
         <run_address>0x14041</run_address>
         <size>0x10f</size>
         <input_file_ref idref="fl-ef"/>
      </object_component>
      <object_component id="oc-242">
         <name>.debug_info</name>
         <load_address>0x14150</load_address>
         <run_address>0x14150</run_address>
         <size>0x1be</size>
         <input_file_ref idref="fl-f0"/>
      </object_component>
      <object_component id="oc-1b4">
         <name>.debug_info</name>
         <load_address>0x1430e</load_address>
         <run_address>0x1430e</run_address>
         <size>0x276</size>
         <input_file_ref idref="fl-f0"/>
      </object_component>
      <object_component id="oc-28d">
         <name>.debug_info</name>
         <load_address>0x14584</load_address>
         <run_address>0x14584</run_address>
         <size>0x19b</size>
         <input_file_ref idref="fl-f1"/>
      </object_component>
      <object_component id="oc-231">
         <name>.debug_info</name>
         <load_address>0x1471f</load_address>
         <run_address>0x1471f</run_address>
         <size>0x1fd</size>
         <input_file_ref idref="fl-f1"/>
      </object_component>
      <object_component id="oc-271">
         <name>.debug_info</name>
         <load_address>0x1491c</load_address>
         <run_address>0x1491c</run_address>
         <size>0x172</size>
         <input_file_ref idref="fl-f2"/>
      </object_component>
      <object_component id="oc-29b">
         <name>.debug_info</name>
         <load_address>0x14a8e</load_address>
         <run_address>0x14a8e</run_address>
         <size>0x1dc</size>
         <input_file_ref idref="fl-f3"/>
      </object_component>
      <object_component id="oc-237">
         <name>.debug_info</name>
         <load_address>0x14c6a</load_address>
         <run_address>0x14c6a</run_address>
         <size>0x21c</size>
         <input_file_ref idref="fl-f3"/>
      </object_component>
      <object_component id="oc-30a">
         <name>.debug_info</name>
         <load_address>0x14e86</load_address>
         <run_address>0x14e86</run_address>
         <size>0x10c</size>
         <input_file_ref idref="fl-f4"/>
      </object_component>
      <object_component id="oc-2ec">
         <name>.debug_info</name>
         <load_address>0x14f92</load_address>
         <run_address>0x14f92</run_address>
         <size>0x283</size>
         <input_file_ref idref="fl-f4"/>
      </object_component>
      <object_component id="oc-2de">
         <name>.debug_info</name>
         <load_address>0x15215</load_address>
         <run_address>0x15215</run_address>
         <size>0x258</size>
         <input_file_ref idref="fl-f5"/>
      </object_component>
      <object_component id="oc-296">
         <name>.debug_info</name>
         <load_address>0x1546d</load_address>
         <run_address>0x1546d</run_address>
         <size>0x471</size>
         <input_file_ref idref="fl-f5"/>
      </object_component>
      <object_component id="oc-127">
         <name>.debug_info</name>
         <load_address>0x158de</load_address>
         <run_address>0x158de</run_address>
         <size>0x2c</size>
         <input_file_ref idref="fl-f5"/>
      </object_component>
      <object_component id="oc-87">
         <name>.debug_info</name>
         <load_address>0x1590a</load_address>
         <run_address>0x1590a</run_address>
         <size>0x23e</size>
         <input_file_ref idref="fl-f6"/>
      </object_component>
      <object_component id="oc-2d">
         <name>.debug_info</name>
         <load_address>0x15b48</load_address>
         <run_address>0x15b48</run_address>
         <size>0x11d</size>
         <input_file_ref idref="fl-f6"/>
      </object_component>
      <object_component id="oc-2d3">
         <name>.debug_info</name>
         <load_address>0x15c65</load_address>
         <run_address>0x15c65</run_address>
         <size>0x168</size>
         <input_file_ref idref="fl-f6"/>
      </object_component>
      <object_component id="oc-28f">
         <name>.debug_info</name>
         <load_address>0x15dcd</load_address>
         <run_address>0x15dcd</run_address>
         <size>0x8a7</size>
         <input_file_ref idref="fl-f6"/>
      </object_component>
      <object_component id="oc-12c">
         <name>.debug_info</name>
         <load_address>0x16674</load_address>
         <run_address>0x16674</run_address>
         <size>0x62</size>
         <input_file_ref idref="fl-f6"/>
      </object_component>
      <object_component id="oc-301">
         <name>.debug_info</name>
         <load_address>0x166d6</load_address>
         <run_address>0x166d6</run_address>
         <size>0x21c</size>
         <input_file_ref idref="fl-f7"/>
      </object_component>
      <object_component id="oc-2d7">
         <name>.debug_info</name>
         <load_address>0x168f2</load_address>
         <run_address>0x168f2</run_address>
         <size>0x2b4</size>
         <input_file_ref idref="fl-f7"/>
      </object_component>
      <object_component id="oc-33d">
         <name>.debug_info</name>
         <load_address>0x16ba6</load_address>
         <run_address>0x16ba6</run_address>
         <size>0x9c</size>
      </object_component>
      <object_component id="oc-225">
         <name>.debug_line</name>
         <load_address>0x0</load_address>
         <run_address>0x0</run_address>
         <size>0xbd</size>
         <input_file_ref idref="fl-2"/>
      </object_component>
      <object_component id="oc-18f">
         <name>.debug_line</name>
         <load_address>0xbd</load_address>
         <run_address>0xbd</run_address>
         <size>0x2d</size>
         <input_file_ref idref="fl-2"/>
      </object_component>
      <object_component id="oc-7d">
         <name>.debug_line</name>
         <load_address>0xea</load_address>
         <run_address>0xea</run_address>
         <size>0xcc</size>
         <input_file_ref idref="fl-2"/>
      </object_component>
      <object_component id="oc-22e">
         <name>.debug_line</name>
         <load_address>0x1b6</load_address>
         <run_address>0x1b6</run_address>
         <size>0x55</size>
         <input_file_ref idref="fl-2"/>
      </object_component>
      <object_component id="oc-229">
         <name>.debug_line</name>
         <load_address>0x20b</load_address>
         <run_address>0x20b</run_address>
         <size>0x52</size>
         <input_file_ref idref="fl-2"/>
      </object_component>
      <object_component id="oc-1ab">
         <name>.debug_line</name>
         <load_address>0x25d</load_address>
         <run_address>0x25d</run_address>
         <size>0x6b</size>
         <input_file_ref idref="fl-2"/>
      </object_component>
      <object_component id="oc-121">
         <name>.debug_line</name>
         <load_address>0x2c8</load_address>
         <run_address>0x2c8</run_address>
         <size>0x20</size>
         <input_file_ref idref="fl-2"/>
      </object_component>
      <object_component id="oc-11c">
         <name>.debug_line</name>
         <load_address>0x2e8</load_address>
         <run_address>0x2e8</run_address>
         <size>0x5f</size>
         <input_file_ref idref="fl-2"/>
      </object_component>
      <object_component id="oc-9c">
         <name>.debug_line</name>
         <load_address>0x347</load_address>
         <run_address>0x347</run_address>
         <size>0x5f</size>
         <input_file_ref idref="fl-2"/>
      </object_component>
      <object_component id="oc-124">
         <name>.debug_line</name>
         <load_address>0x3a6</load_address>
         <run_address>0x3a6</run_address>
         <size>0x40</size>
         <input_file_ref idref="fl-3"/>
      </object_component>
      <object_component id="oc-83">
         <name>.debug_line</name>
         <load_address>0x3e6</load_address>
         <run_address>0x3e6</run_address>
         <size>0x40</size>
         <input_file_ref idref="fl-3"/>
      </object_component>
      <object_component id="oc-7a">
         <name>.debug_line</name>
         <load_address>0x426</load_address>
         <run_address>0x426</run_address>
         <size>0xa1</size>
         <input_file_ref idref="fl-3"/>
      </object_component>
      <object_component id="oc-94">
         <name>.debug_line</name>
         <load_address>0x4c7</load_address>
         <run_address>0x4c7</run_address>
         <size>0x20</size>
         <input_file_ref idref="fl-3"/>
      </object_component>
      <object_component id="oc-19c">
         <name>.debug_line</name>
         <load_address>0x4e7</load_address>
         <run_address>0x4e7</run_address>
         <size>0x3b</size>
         <input_file_ref idref="fl-4"/>
      </object_component>
      <object_component id="oc-c0">
         <name>.debug_line</name>
         <load_address>0x522</load_address>
         <run_address>0x522</run_address>
         <size>0x157</size>
         <input_file_ref idref="fl-4"/>
      </object_component>
      <object_component id="oc-1a7">
         <name>.debug_line</name>
         <load_address>0x679</load_address>
         <run_address>0x679</run_address>
         <size>0x47</size>
         <input_file_ref idref="fl-b"/>
      </object_component>
      <object_component id="oc-d5">
         <name>.debug_line</name>
         <load_address>0x6c0</load_address>
         <run_address>0x6c0</run_address>
         <size>0x41</size>
         <input_file_ref idref="fl-b"/>
      </object_component>
      <object_component id="oc-1a4">
         <name>.debug_line</name>
         <load_address>0x701</load_address>
         <run_address>0x701</run_address>
         <size>0x5e</size>
         <input_file_ref idref="fl-b"/>
      </object_component>
      <object_component id="oc-1a0">
         <name>.debug_line</name>
         <load_address>0x75f</load_address>
         <run_address>0x75f</run_address>
         <size>0x31</size>
         <input_file_ref idref="fl-c"/>
      </object_component>
      <object_component id="oc-19e">
         <name>.debug_line</name>
         <load_address>0x790</load_address>
         <run_address>0x790</run_address>
         <size>0x2a</size>
         <input_file_ref idref="fl-c"/>
      </object_component>
      <object_component id="oc-f0">
         <name>.debug_line</name>
         <load_address>0x7ba</load_address>
         <run_address>0x7ba</run_address>
         <size>0x3f</size>
         <input_file_ref idref="fl-c"/>
      </object_component>
      <object_component id="oc-114">
         <name>.debug_line</name>
         <load_address>0x7f9</load_address>
         <run_address>0x7f9</run_address>
         <size>0x3f</size>
         <input_file_ref idref="fl-c"/>
      </object_component>
      <object_component id="oc-c9">
         <name>.debug_line</name>
         <load_address>0x838</load_address>
         <run_address>0x838</run_address>
         <size>0x4e</size>
         <input_file_ref idref="fl-c"/>
      </object_component>
      <object_component id="oc-cc">
         <name>.debug_line</name>
         <load_address>0x886</load_address>
         <run_address>0x886</run_address>
         <size>0x44</size>
         <input_file_ref idref="fl-c"/>
      </object_component>
      <object_component id="oc-f2">
         <name>.debug_line</name>
         <load_address>0x8ca</load_address>
         <run_address>0x8ca</run_address>
         <size>0x46</size>
         <input_file_ref idref="fl-c"/>
      </object_component>
      <object_component id="oc-187">
         <name>.debug_line</name>
         <load_address>0x910</load_address>
         <run_address>0x910</run_address>
         <size>0x3f</size>
         <input_file_ref idref="fl-c"/>
      </object_component>
      <object_component id="oc-10a">
         <name>.debug_line</name>
         <load_address>0x94f</load_address>
         <run_address>0x94f</run_address>
         <size>0x4d</size>
         <input_file_ref idref="fl-c"/>
      </object_component>
      <object_component id="oc-fe">
         <name>.debug_line</name>
         <load_address>0x99c</load_address>
         <run_address>0x99c</run_address>
         <size>0x3f</size>
         <input_file_ref idref="fl-c"/>
      </object_component>
      <object_component id="oc-f8">
         <name>.debug_line</name>
         <load_address>0x9db</load_address>
         <run_address>0x9db</run_address>
         <size>0x3f</size>
         <input_file_ref idref="fl-c"/>
[...]
      </symbol>
      <symbol id="sm-176">
         <name>GPIO_setAsInputPinWithPullUpResistor</name>
         <value>0x362d</value>
         <object_component_ref idref="oc-f1"/>
      </symbol>
      <symbol id="sm-177">
         <name>GPIO_getInterruptStatus</name>
         <value>0x3845</value>
         <object_component_ref idref="oc-186"/>
      </symbol>
      <symbol id="sm-178">
         <name>GPIO_enableInterrupt</name>
         <value>0x37b9</value>
         <object_component_ref idref="oc-fd"/>
      </symbol>
      <symbol id="sm-179">
         <name>GPIO_getEnabledInterruptStatus</name>
         <value>0x35ed</value>
         <object_component_ref idref="oc-109"/>
      </symbol>
      <symbol id="sm-17a">
         <name>GPIO_setAsOutputPin</name>
         <value>0x36e1</value>
         <object_component_ref idref="oc-cb"/>
      </symbol>
      <symbol id="sm-17b">
         <name>GPIO_setOutputLowOnPin</name>
         <value>0x3759</value>
         <object_component_ref idref="oc-eb"/>
      </symbol>
      <symbol id="sm-17c">
         <name>GPIO_clearInterruptFlag</name>
         <value>0x3741</value>
         <object_component_ref idref="oc-f7"/>
      </symbol>
      <symbol id="sm-17d">
         <name>GPIO_setAsPeripheralModuleFunctionInputPin</name>
         <value>0x355d</value>
         <object_component_ref idref="oc-c5"/>
      </symbol>
      <symbol id="sm-191">
         <name>_c_int00</name>
         <value>0x341d</value>
         <object_component_ref idref="oc-22"/>
      </symbol>
      <symbol id="sm-192">
         <name>__stack</name>
         <value>0x2000fe00</value>
         <object_component_ref idref="oc-2b"/>
      </symbol>
      <symbol id="sm-1a9">
         <name>__TI_decompress_none</name>
         <value>0x3855</value>
         <object_component_ref idref="oc-10"/>
      </symbol>
      <symbol id="sm-1cc">
         <name>__TI_decompress_rle24</name>
         <value>0x3863</value>
         <object_component_ref idref="oc-16"/>
      </symbol>
      <symbol id="sm-1ee">
         <name>C$$EXIT</name>
         <value>0x3471</value>
         <object_component_ref idref="oc-6c"/>
      </symbol>
      <symbol id="sm-1ef">
         <name>abort</name>
         <value>0x3475</value>
         <object_component_ref idref="oc-6c"/>
      </symbol>
      <symbol id="sm-1f0">
         <name>exit</name>
         <value>0x347d</value>
         <object_component_ref idref="oc-6c"/>
      </symbol>
      <symbol id="sm-1f1">
         <name>__TI_dtors_ptr</name>
         <value>0x20000a04</value>
         <object_component_ref idref="oc-b3"/>
      </symbol>
      <symbol id="sm-1f2">
         <name>__TI_cleanup_ptr</name>
         <value>0x20000a00</value>
         <object_component_ref idref="oc-b3"/>
      </symbol>
      <symbol id="sm-1f3">
         <name>__TI_enable_exit_profile_output</name>
         <value>0x20000a08</value>
         <object_component_ref idref="oc-b3"/>
      </symbol>
      <symbol id="sm-20a">
         <name>__aeabi_dsub</name>
         <value>0x258d</value>
         <object_component_ref idref="oc-e1"/>
      </symbol>
      <symbol id="sm-20b">
         <name>__aeabi_dadd</name>
         <value>0x2597</value>
         <object_component_ref idref="oc-e1"/>
      </symbol>
      <symbol id="sm-216">
         <name>__aeabi_dmul</name>
         <value>0x29ad</value>
         <object_component_ref idref="oc-dc"/>
      </symbol>
      <symbol id="sm-220">
         <name>__aeabi_d2iz</name>
         <value>0x35a5</value>
         <object_component_ref idref="oc-e6"/>
      </symbol>
      <symbol id="sm-22a">
         <name>__aeabi_i2d</name>
         <value>0x368d</value>
         <object_component_ref idref="oc-d7"/>
      </symbol>
      <symbol id="sm-245">
         <name>memcpy</name>
         <value>0x2df5</value>
         <object_component_ref idref="oc-2f"/>
      </symbol>
      <symbol id="sm-246">
         <name>__aeabi_memcpy</name>
         <value>0x2df5</value>
         <object_component_ref idref="oc-2f"/>
      </symbol>
      <symbol id="sm-247">
         <name>__aeabi_memcpy8</name>
         <value>0x2df5</value>
         <object_component_ref idref="oc-2f"/>
      </symbol>
      <symbol id="sm-248">
         <name>__aeabi_memcpy4</name>
         <value>0x2df5</value>
         <object_component_ref idref="oc-2f"/>
      </symbol>
      <symbol id="sm-257">
         <name>__aeabi_memset</name>
         <value>0x30cf</value>
         <object_component_ref idref="oc-48"/>
      </symbol>
      <symbol id="sm-258">
         <name>memset</name>
         <value>0x30d5</value>
         <object_component_ref idref="oc-48"/>
      </symbol>
      <symbol id="sm-259">
         <name>__aeabi_memset8</name>
         <value>0x30cf</value>
         <object_component_ref idref="oc-48"/>
      </symbol>
      <symbol id="sm-25a">
         <name>__aeabi_memset4</name>
         <value>0x30cf</value>
         <object_component_ref idref="oc-48"/>
      </symbol>
      <symbol id="sm-25b">
         <name>__aeabi_memclr8</name>
         <value>0x30cd</value>
         <object_component_ref idref="oc-48"/>
      </symbol>
      <symbol id="sm-25c">
         <name>__aeabi_memclr4</name>
         <value>0x30cd</value>
         <object_component_ref idref="oc-48"/>
      </symbol>
      <symbol id="sm-25d">
         <name>__aeabi_memclr</name>
         <value>0x30cd</value>
         <object_component_ref idref="oc-48"/>
      </symbol>
      <symbol id="sm-267">
         <name>__mpu_init</name>
         <value>0x3147</value>
         <object_component_ref idref="oc-54"/>
      </symbol>
      <symbol id="sm-271">
         <name>_system_pre_init</name>
         <value>0x3869</value>
         <object_component_ref idref="oc-5a"/>
      </symbol>
      <symbol id="sm-294">
         <name>printf</name>
         <value>0x31c1</value>
         <object_component_ref idref="oc-103"/>
      </symbol>
      <symbol id="sm-29c">
         <name>main_func_sp</name>
         <value>0x20000a28</value>
         <object_component_ref idref="oc-72"/>
      </symbol>
      <symbol id="sm-2aa">
         <name>strlen</name>
         <value>0x381d</value>
         <object_component_ref idref="oc-1c1"/>
      </symbol>
      <symbol id="sm-2c3">
         <name>_nop</name>
         <value>0x37ef</value>
         <object_component_ref idref="oc-149"/>
      </symbol>
      <symbol id="sm-2c4">
         <name>_lock</name>
         <value>0x20000a18</value>
         <object_component_ref idref="oc-b6"/>
      </symbol>
      <symbol id="sm-2c5">
         <name>_unlock</name>
         <value>0x20000a1c</value>
         <object_component_ref idref="oc-b6"/>
      </symbol>
      <symbol id="sm-2c6">
         <name>_register_lock</name>
         <value>0x37e7</value>
         <object_component_ref idref="oc-149"/>
      </symbol>
      <symbol id="sm-2c7">
         <name>_register_unlock</name>
         <value>0x37e1</value>
         <object_component_ref idref="oc-149"/>
      </symbol>
      <symbol id="sm-3d3">
         <name>__TI_printfi</name>
         <value>0xf4b</value>
         <object_component_ref idref="oc-176"/>
      </symbol>
      <symbol id="sm-3e7">
         <name>_args_main</name>
         <value>0x3771</value>
         <object_component_ref idref="oc-66"/>
      </symbol>
      <symbol id="sm-3fd">
         <name>atoi</name>
         <value>0x34c5</value>
         <object_component_ref idref="oc-201"/>
      </symbol>
      <symbol id="sm-422">
         <name>__TI_auto_init</name>
         <value>0x3149</value>
         <object_component_ref idref="oc-60"/>
      </symbol>
      <symbol id="sm-43c">
         <name>copy_in</name>
         <value>0x3511</value>
         <object_component_ref idref="oc-a3"/>
      </symbol>
      <symbol id="sm-447">
         <name>_ctypes_</name>
         <value>0x386c</value>
         <object_component_ref idref="oc-27e"/>
      </symbol>
      <symbol id="sm-45c">
         <name>__TI_tmpnams</name>
         <value>0x20000b50</value>
      </symbol>
      <symbol id="sm-45d">
         <name>__aeabi_stdout</name>
         <value>0x200009f8</value>
         <object_component_ref idref="oc-23e"/>
      </symbol>
      <symbol id="sm-45e">
         <name>__aeabi_stderr</name>
         <value>0x200009fc</value>
         <object_component_ref idref="oc-23e"/>
      </symbol>
      <symbol id="sm-45f">
         <name>__aeabi_stdin</name>
         <value>0x200009f4</value>
         <object_component_ref idref="oc-23e"/>
      </symbol>
      <symbol id="sm-460">
         <name>_ftable</name>
         <value>0x20000800</value>
         <object_component_ref idref="oc-17c"/>
      </symbol>
      <symbol id="sm-461">
         <name>__TI_ft_end</name>
         <value>0x200009f0</value>
         <object_component_ref idref="oc-23e"/>
      </symbol>
      <symbol id="sm-483">
         <name>__aeabi_cdcmpeq</name>
         <value>0x2fc1</value>
         <object_component_ref idref="oc-1d4"/>
      </symbol>
      <symbol id="sm-484">
         <name>__aeabi_cdcmple</name>
         <value>0x2fc1</value>
         <object_component_ref idref="oc-1d4"/>
      </symbol>
      <symbol id="sm-485">
         <name>__aeabi_cdrcmple</name>
         <value>0x3047</value>
         <object_component_ref idref="oc-1de"/>
      </symbol>
      <symbol id="sm-499">
         <name>__aeabi_ddiv</name>
         <value>0x2743</value>
         <object_component_ref idref="oc-1d9"/>
      </symbol>
      <symbol id="sm-4b0">
         <name>putc</name>
         <value>0x2f29</value>
         <object_component_ref idref="oc-16a"/>
      </symbol>
      <symbol id="sm-4b1">
         <name>fputc</name>
         <value>0x2f29</value>
         <object_component_ref idref="oc-16a"/>
      </symbol>
      <symbol id="sm-4b2">
         <name>putchar</name>
         <value>0x2fad</value>
         <object_component_ref idref="oc-16a"/>
      </symbol>
      <symbol id="sm-4d4">
         <name>puts</name>
         <value>0x2985</value>
         <object_component_ref idref="oc-170"/>
      </symbol>
      <symbol id="sm-4d5">
         <name>fputs</name>
         <value>0x2879</value>
         <object_component_ref idref="oc-170"/>
      </symbol>
      <symbol id="sm-523">
         <name>open</name>
         <value>0x1dd7</value>
         <object_component_ref idref="oc-1b9"/>
      </symbol>
      <symbol id="sm-524">
         <name>add_device</name>
         <value>0x1ef9</value>
         <object_component_ref idref="oc-1b9"/>
      </symbol>
      <symbol id="sm-525">
         <name>remove_device</name>
         <value>0x1d8b</value>
         <object_component_ref idref="oc-1b9"/>
      </symbol>
      <symbol id="sm-526">
         <name>lseek</name>
         <value>0x1e85</value>
         <object_component_ref idref="oc-1b9"/>
      </symbol>
      <symbol id="sm-527">
         <name>read</name>
         <value>0x1db3</value>
         <object_component_ref idref="oc-1b9"/>
      </symbol>
      <symbol id="sm-528">
         <name>rename</name>
         <value>0x1d4d</value>
         <object_component_ref idref="oc-1b9"/>
      </symbol>
      <symbol id="sm-529">
         <name>write</name>
         <value>0x1c99</value>
         <object_component_ref idref="oc-1b9"/>
      </symbol>
      <symbol id="sm-52a">
         <name>close</name>
         <value>0x1ea9</value>
         <object_component_ref idref="oc-1b9"/>
      </symbol>
      <symbol id="sm-52b">
         <name>unlink</name>
         <value>0x1d29</value>
         <object_component_ref idref="oc-1b9"/>
      </symbol>
      <symbol id="sm-53a">
         <name>ltoa</name>
         <value>0x33c5</value>
         <object_component_ref idref="oc-1e3"/>
      </symbol>
      <symbol id="sm-54a">
         <name>memccpy</name>
         <value>0x3725</value>
         <object_component_ref idref="oc-1fb"/>
      </symbol>
      <symbol id="sm-55a">
         <name>memchr</name>
         <value>0x3705</value>
         <object_component_ref idref="oc-1c7"/>
      </symbol>
      <symbol id="sm-575">
         <name>frexpl</name>
         <value>0x3361</value>
         <object_component_ref idref="oc-1e9"/>
      </symbol>
      <symbol id="sm-576">
         <name>frexp</name>
         <value>0x3361</value>
         <object_component_ref idref="oc-1e9"/>
      </symbol>
      <symbol id="sm-593">
         <name>scalbn</name>
         <value>0x2aa9</value>
         <object_component_ref idref="oc-1ef"/>
      </symbol>
      <symbol id="sm-594">
         <name>scalbnl</name>
         <value>0x2aa9</value>
         <object_component_ref idref="oc-1ef"/>
      </symbol>
      <symbol id="sm-595">
         <name>ldexpl</name>
         <value>0x2aa9</value>
         <object_component_ref idref="oc-1ef"/>
      </symbol>
      <symbol id="sm-596">
         <name>ldexp</name>
         <value>0x2aa9</value>
         <object_component_ref idref="oc-1ef"/>
      </symbol>
      <symbol id="sm-5a0">
         <name>_system_post_cinit</name>
         <value>0x3293</value>
         <object_component_ref idref="oc-a9"/>
      </symbol>
      <symbol id="sm-5b0">
         <name>strchr</name>
         <value>0x37a1</value>
         <object_component_ref idref="oc-1f5"/>
      </symbol>
      <symbol id="sm-5bf">
         <name>strcmp</name>
         <value>0x3789</value>
         <object_component_ref idref="oc-243"/>
      </symbol>
      <symbol id="sm-5cf">
         <name>strncpy</name>
         <value>0x365d</value>
         <object_component_ref idref="oc-249"/>
      </symbol>
      <symbol id="sm-5f7">
         <name>HOSTgetenv</name>
         <value>0x1bd5</value>
         <object_component_ref idref="oc-2ab"/>
      </symbol>
      <symbol id="sm-5f8">
         <name>HOSTrename</name>
         <value>0x1a7d</value>
         <object_component_ref idref="oc-2ab"/>
      </symbol>
      <symbol id="sm-5f9">
         <name>HOSTclose</name>
         <value>0x1c13</value>
         <object_component_ref idref="oc-2ab"/>
      </symbol>
      <symbol id="sm-5fa">
         <name>HOSTtime64</name>
         <value>0x19f9</value>
         <object_component_ref idref="oc-2ab"/>
      </symbol>
      <symbol id="sm-5fb">
         <name>HOSTunlink</name>
         <value>0x19c1</value>
         <object_component_ref idref="oc-2ab"/>
      </symbol>
      <symbol id="sm-5fc">
         <name>HOSTlseek</name>
         <value>0x1b79</value>
         <object_component_ref idref="oc-2ab"/>
      </symbol>
      <symbol id="sm-5fd">
         <name>HOSTopen</name>
         <value>0x1b27</value>
         <object_component_ref idref="oc-2ab"/>
      </symbol>
      <symbol id="sm-5fe">
         <name>HOSTclock</name>
         <value>0x1c4b</value>
         <object_component_ref idref="oc-2ab"/>
      </symbol>
      <symbol id="sm-5ff">
         <name>HOSTwrite</name>
         <value>0x1975</value>
         <object_component_ref idref="oc-2ab"/>
      </symbol>
      <symbol id="sm-600">
         <name>HOSTread</name>
         <value>0x1adb</value>
         <object_component_ref idref="oc-2ab"/>
      </symbol>
      <symbol id="sm-601">
         <name>HOSTtime</name>
         <value>0x1a43</value>
         <object_component_ref idref="oc-2ab"/>
      </symbol>
      <symbol id="sm-61c">
         <name>__TI_readmsg</name>
         <value>0x32c7</value>
         <object_component_ref idref="oc-2e5"/>
      </symbol>
      <symbol id="sm-61d">
         <name>C$$IO$$</name>
         <value>0x32c3</value>
         <object_component_ref idref="oc-2e5"/>
      </symbol>
      <symbol id="sm-61e">
         <name>__CIOBUF_</name>
         <value>0x20000a30</value>
         <object_component_ref idref="oc-304"/>
      </symbol>
      <symbol id="sm-61f">
         <name>__TI_writemsg</name>
         <value>0x3295</value>
         <object_component_ref idref="oc-2e5"/>
      </symbol>
      <symbol id="sm-63b">
         <name>__aeabi_uldivmod</name>
         <value>0x21d5</value>
         <object_component_ref idref="oc-1cf"/>
      </symbol>
      <symbol id="sm-659">
         <name>__TI_wrt_ok</name>
         <value>0x2d49</value>
         <object_component_ref idref="oc-1ad"/>
      </symbol>
      <symbol id="sm-65a">
         <name>__TI_rd_ok</name>
         <value>0x2dab</value>
         <object_component_ref idref="oc-1ad"/>
      </symbol>
      <symbol id="sm-662">
         <name>errno</name>
         <value>0x20000a20</value>
         <object_component_ref idref="oc-275"/>
      </symbol>
      <symbol id="sm-67c">
         <name>__TI_doflush</name>
         <value>0x2c81</value>
         <object_component_ref idref="oc-1b3"/>
      </symbol>
      <symbol id="sm-67d">
         <name>fflush</name>
         <value>0x2ccd</value>
         <object_component_ref idref="oc-1b3"/>
      </symbol>
      <symbol id="sm-68f">
         <name>fseek</name>
         <value>0x32fd</value>
         <object_component_ref idref="oc-230"/>
      </symbol>
      <symbol id="sm-699">
         <name>copysign</name>
         <value>0x37f5</value>
         <object_component_ref idref="oc-26f"/>
      </symbol>
      <symbol id="sm-69a">
         <name>copysignl</name>
         <value>0x37f5</value>
         <object_component_ref idref="oc-26f"/>
      </symbol>
      <symbol id="sm-6b6">
         <name>setvbuf</name>
         <value>0x2ba5</value>
         <object_component_ref idref="oc-236"/>
      </symbol>
      <symbol id="sm-6c4">
         <name>strcpy</name>
         <value>0x3809</value>
         <object_component_ref idref="oc-2eb"/>
      </symbol>
      <symbol id="sm-6fb">
         <name>__TI_cleanup</name>
         <value>0x2491</value>
         <object_component_ref idref="oc-294"/>
      </symbol>
      <symbol id="sm-6fc">
         <name>freopen</name>
         <value>0x24bd</value>
         <object_component_ref idref="oc-294"/>
      </symbol>
      <symbol id="sm-6fd">
         <name>fopen</name>
         <value>0x24e7</value>
         <object_component_ref idref="oc-294"/>
      </symbol>
      <symbol id="sm-76c">
         <name>_sys_memory</name>
         <value>0x20000000</value>
         <object_component_ref idref="oc-2c"/>
      </symbol>
      <symbol id="sm-76d">
         <name>free</name>
         <value>0x1347</value>
         <object_component_ref idref="oc-28e"/>
      </symbol>
      <symbol id="sm-76e">
         <name>realloc</name>
         <value>0x1409</value>
         <object_component_ref idref="oc-28e"/>
      </symbol>
      <symbol id="sm-76f">
         <name>memalign</name>
         <value>0x1515</value>
         <object_component_ref idref="oc-28e"/>
      </symbol>
      <symbol id="sm-770">
         <name>calloc</name>
         <value>0x15f9</value>
         <object_component_ref idref="oc-28e"/>
      </symbol>
      <symbol id="sm-771">
         <name>malloc</name>
         <value>0x12df</value>
         <object_component_ref idref="oc-28e"/>
      </symbol>
      <symbol id="sm-772">
         <name>minit</name>
         <value>0x1251</value>
         <object_component_ref idref="oc-28e"/>
      </symbol>
      <symbol id="sm-788">
         <name>__TI_closefile</name>
         <value>0x2e91</value>
         <object_component_ref idref="oc-2d6"/>
      </symbol>
      <symbol id="sm-789">
         <name>fclose</name>
         <value>0x2ef7</value>
         <object_component_ref idref="oc-2d6"/>
      </symbol>
      <symbol id="sm-78b">
         <name>__TI_static_base__</name>
         <value>0x0</value>
      </symbol>
      <symbol id="sm-78e">
         <name>SHT$$INIT_ARRAY$$Limit</name>
         <value>0x0</value>
      </symbol>
      <symbol id="sm-78f">
         <name>SHT$$INIT_ARRAY$$Base</name>
         <value>0x0</value>
      </symbol>
      <symbol id="sm-790">
         <name>remove</name>
         <value>0x1d29</value>
      </symbol>
   </symbol_table>
   <title>Link successful</title>
</link_info>
