******************************************************************************
                  TI ARM Linker PC v15.12.2                    
******************************************************************************
>> Linked Wed Jun 08 08:58:09 2016

OUTPUT FILE NAME:   <Frequency detect + protocol.out>
ENTRY POINT SYMBOL: "_c_int00"  address: 0000341d


MEMORY CONFIGURATION

         name            origin    length      used     unused   attr    fill
----------------------  --------  ---------  --------  --------  ----  --------
  MAIN                  00000000   00040000  00003a41  0003c5bf  R  X
  INFO                  00200000   00004000  00000000  00004000  R  X
  SRAM_CODE             01000000   00010000  00000000  00010000  RW X
  SRAM_DATA             20000000   00010000  00000e15  0000f1eb  RW  


SEGMENT ALLOCATION MAP

run origin  load origin   length   init length attrs members
----------  ----------- ---------- ----------- ----- -------
00000000    00000000    00003a44   00003a44    r-x
  00000000    00000000    00000140   00000140    r-- .intvecs
  00000140    00000140    0000372c   0000372c    r-x .text
  0000386c    0000386c    00000101   00000101    r-- .const
  00003970    00003970    000000d4   000000d4    r-- .cinit
20000000    20000000    00000c15   00000000    rw-
  20000000    20000000    00000800   00000000    rw- .sysmem
  20000800    20000800    00000230   00000000    rw- .data
  20000a30    20000a30    000001e5   00000000    rw- .bss
2000fe00    2000fe00    00000200   00000000    rw-
  2000fe00    2000fe00    00000200   00000000    rw- .stack


SECTION ALLOCATION MAP

 output                                  attributes/
section   page    origin      length       input sections
--------  ----  ----------  ----------   ----------------
.intvecs   0    00000000    00000140     
                  00000000    00000140     startup_msp432p401r_ccs.obj (.intvecs:retain)

.text      0    00000140    0000372c     
                  00000140    00001110     rtsv7M4_T_le_v4SPD16_eabi.lib : _printfi.obj (.text)
                  00001250    000003dc                                   : memory.obj (.text)
                  0000162c    00000348     system_msp432p401r.obj (.text)
                  00001974    00000324     rtsv7M4_T_le_v4SPD16_eabi.lib : trgdrv.obj (.text)
                  00001c98    0000030c                                   : lowlev.obj (.text)
                  00001fa4    00000230     main.obj (.text)
                  000021d4    000001f4     rtsv7M4_T_le_v4SPD16_eabi.lib : ull_div_t2.obj (.text)
                  000023c8    000001c4                                   : fopen.obj (.text)
                  0000258c    000001b6                                   : fd_add_t2.obj (.text)
                  00002742    00000136                                   : fd_div_t2.obj (.text)
                  00002878    00000134                                   : fputs.obj (.text)
                  000029ac    000000fc                                   : fd_mul_t2.obj (.text)
                  00002aa8    000000fc                                   : s_scalbn.obj (.text)
                  00002ba4    000000dc                                   : setvbuf.obj (.text)
                  00002c80    000000c8                                   : fflush.obj (.text)
                  00002d48    000000ac                                   : _io_perm.obj (.text)
                  00002df4    0000009c                                   : memcpy_t2.obj (.text)
                  00002e90    00000098                                   : fclose.obj (.text)
                  00002f28    00000098                                   : fputc.obj (.text)
                  00002fc0    00000086                                   : fd_cmp_t2.obj (.text:__aeabi_cdcmple)
                  00003046    00000086                                   : fd_cmp_t2.obj (.text:__aeabi_cdrcmple)
                  000030cc    0000007a                                   : memset_t2.obj (.text)
                  00003146    00000002                                   : mpu_init.obj (.text)
                  00003148    00000070                                   : autoinit.obj (.text)
                  000031b8    00000070                                   : printf.obj (.text)
                  00003228    0000006a                                   : copy_decompress_rle.obj (.text)
                  00003292    00000002                                   : startup.obj (.text)
                  00003294    00000068                                   : trgmsg.obj (.text)
                  000032fc    00000064                                   : fseek.obj (.text)
                  00003360    00000064                                   : s_frexp.obj (.text)
                  000033c4    00000056                                   : ltoa.obj (.text)
                  0000341a    00000002     --HOLE-- [fill = 0]
                  0000341c    00000054                                   : boot.obj (.text)
                  00003470    00000054                                   : exit.obj (.text)
                  000034c4    0000004c                                   : atoi.obj (.text)
                  00003510    0000004c                                   : cpy_tbl.obj (.text)
                  0000355c    00000048     msp432p4xx_driverlib.lib : gpio.o (.text:GPIO_setAsPeripheralModuleFunctionInputPin)
                  000035a4    00000048     rtsv7M4_T_le_v4SPD16_eabi.lib : fd_toi_t2.obj (.text)
                  000035ec    00000040     msp432p4xx_driverlib.lib : gpio.o (.text:GPIO_getEnabledInterruptStatus)
                  0000362c    00000030                              : gpio.o (.text:GPIO_setAsInputPinWithPullUpResistor)
                  0000365c    00000030     rtsv7M4_T_le_v4SPD16_eabi.lib : strncpy.obj (.text)
                  0000368c    0000002e                                   : i_tofd_t2.obj (.text)
                  000036ba    00000002     --HOLE-- [fill = 0]
                  000036bc    00000024     msp432p4xx_driverlib.lib : cs.o (.text:CS_setDCOCenteredFrequency)
                  000036e0    00000024                              : gpio.o (.text:GPIO_setAsOutputPin)
                  00003704    00000020     rtsv7M4_T_le_v4SPD16_eabi.lib : memchr.obj (.text)
                  00003724    0000001c                                   : memccpy.obj (.text)
                  00003740    00000018     msp432p4xx_driverlib.lib : gpio.o (.text:GPIO_clearInterruptFlag)
                  00003758    00000018                              : gpio.o (.text:GPIO_setOutputLowOnPin)
                  00003770    00000018     rtsv7M4_T_le_v4SPD16_eabi.lib : args_main.obj (.text)
                  00003788    00000018                                   : strcmp.obj (.text)
                  000037a0    00000016                                   : strchr.obj (.text)
                  000037b6    00000002     --HOLE-- [fill = 0]
                  000037b8    00000014     msp432p4xx_driverlib.lib : gpio.o (.text:GPIO_enableInterrupt)
                  000037cc    00000014                              : gpio.o (.text:GPIO_setOutputHighOnPin)
                  000037e0    00000014     rtsv7M4_T_le_v4SPD16_eabi.lib : _lock.obj (.text)
                  000037f4    00000014                                   : s_copysign.obj (.text)
                  00003808    00000014                                   : strcpy.obj (.text)
                  0000381c    00000014                                   : strlen.obj (.text)
                  00003830    00000012     startup_msp432p401r_ccs.obj (.text)
                  00003842    00000002     --HOLE-- [fill = 0]
                  00003844    00000010     msp432p4xx_driverlib.lib : gpio.o (.text:GPIO_getInterruptStatus)
                  00003854    0000000e     rtsv7M4_T_le_v4SPD16_eabi.lib : copy_decompress_none.obj (.text:decompress:none)
                  00003862    00000006                                   : copy_decompress_rle.obj (.text:decompress:rle24)
                  00003868    00000004                                   : pre_init.obj (.text)

.const     0    0000386c    00000101     
                  0000386c    00000101     rtsv7M4_T_le_v4SPD16_eabi.lib : ctype.obj (.const:.string:_ctypes_)

.cinit     0    00003970    000000d4     
                  00003970    000000aa     (.cinit..data.load) [load image, compression = rle]
                  00003a1a    00000006     --HOLE-- [fill = 0]
                  00003a20    0000000b     (.cinit..bss.load) [load image, compression = rle]
                  00003a2b    00000001     --HOLE-- [fill = 0]
                  00003a2c    00000008     (__TI_handler_table)
                  00003a34    00000010     (__TI_cinit_table)

.init_array 
*          0    00000000    00000000     UNINITIALIZED

.sysmem    0    20000000    00000800     UNINITIALIZED
                  20000000    00000008     rtsv7M4_T_le_v4SPD16_eabi.lib : memory.obj (.sysmem)
                  20000008    000007f8     --HOLE--

.data      0    20000800    00000230     UNINITIALIZED
                  20000800    000000f0     rtsv7M4_T_le_v4SPD16_eabi.lib : defs.obj (.data:_ftable)
                  200008f0    000000d0                                   : lowlev.obj (.data:$O1$$)
                  200009c0    00000030     msp432p4xx_driverlib.lib : gpio.o (.data:GPIO_PORT_TO_BASE)
                  200009f0    00000010     rtsv7M4_T_le_v4SPD16_eabi.lib : defs.obj (.data)
                  20000a00    0000000c                                   : exit.obj (.data:$O1$$)
                  20000a0c    0000000c                                   : memory.obj (.data:$O1$$)
                  20000a18    00000008                                   : _lock.obj (.data:$O1$$)
                  20000a20    00000004                                   : errno.obj (.data)
                  20000a24    00000004                                   : fopen.obj (.data)
                  20000a28    00000004                                   : stkdepth_vars.obj (.data)
                  20000a2c    00000004     system_msp432p401r.obj (.data)

.bss       0    20000a30    000001e5     UNINITIALIZED
                  20000a30    00000120     rtsv7M4_T_le_v4SPD16_eabi.lib : trgmsg.obj (.bss:_CIOBUF_)
                  20000b50    000000a0     (.common:__TI_tmpnams)
                  20000bf0    0000001d     main.obj (.bss)
                  20000c0d    00000008     rtsv7M4_T_le_v4SPD16_eabi.lib : trgdrv.obj (.bss:parmbuf)

.stack     0    2000fe00    00000200     UNINITIALIZED
                  2000fe00    00000200     --HOLE--

MODULE SUMMARY

       Module                        code    ro data   rw data
       ------                        ----    -------   -------
    .\
       system_msp432p401r.obj        840     0         4      
       main.obj                      560     0         29     
       startup_msp432p401r_ccs.obj   18      320       0      
    +--+-----------------------------+-------+---------+---------+
       Total:                        1418    320       33     
                                                              
    C:/ti/msp430/MSPWare_3_30_00_18/driverlib/driverlib/MSP432P4xx/ccs/msp432p4xx_driverlib.lib
       gpio.o                        324     0         48     
       cs.o                          36      0         0      
    +--+-----------------------------+-------+---------+---------+
       Total:                        360     0         48     
                                                              
    C:\ti\ccsv6\tools\compiler\arm_15.12.2.LTS\lib\rtsv7M4_T_le_v4SPD16_eabi.lib
       _printfi.obj                  4368    0         0      
       memory.obj                    988     0         12     
       lowlev.obj                    780     0         208    
       trgdrv.obj                    804     0         8      
       ull_div_t2.obj                500     0         0      
       fopen.obj                     452     0         4      
       fd_add_t2.obj                 438     0         0      
       defs.obj                      0       0         416    
       trgmsg.obj                    104     0         288    
       fd_div_t2.obj                 310     0         0      
       fputs.obj                     308     0         0      
       fd_cmp_t2.obj                 268     0         0      
       ctype.obj                     0       257       0      
       fd_mul_t2.obj                 252     0         0      
       s_scalbn.obj                  252     0         0      
       setvbuf.obj                   220     0         0      
       fflush.obj                    200     0         0      
       _io_perm.obj                  172     0         0      
       memcpy_t2.obj                 156     0         0      
       fclose.obj                    152     0         0      
       fputc.obj                     152     0         0      
       memset_t2.obj                 122     0         0      
       autoinit.obj                  112     0         0      
       copy_decompress_rle.obj       112     0         0      
       printf.obj                    112     0         0      
       fseek.obj                     100     0         0      
       s_frexp.obj                   100     0         0      
       exit.obj                      84      0         12     
       ltoa.obj                      86      0         0      
       boot.obj                      84      0         0      
       atoi.obj                      76      0         0      
       cpy_tbl.obj                   76      0         0      
       fd_toi_t2.obj                 72      0         0      
       strncpy.obj                   48      0         0      
       i_tofd_t2.obj                 46      0         0      
       memchr.obj                    32      0         0      
       _lock.obj                     20      0         8      
       memccpy.obj                   28      0         0      
       args_main.obj                 24      0         0      
       strcmp.obj                    24      0         0      
       strchr.obj                    22      0         0      
       s_copysign.obj                20      0         0      
       strcpy.obj                    20      0         0      
       strlen.obj                    20      0         0      
       copy_decompress_none.obj      14      0         0      
       errno.obj                     0       0         4      
       pre_init.obj                  4       0         0      
       stkdepth_vars.obj             0       0         4      
       mpu_init.obj                  2       0         0      
       startup.obj                   2       0         0      
    +--+-----------------------------+-------+---------+---------+
       Total:                        12338   257       964    
                                                              
       Heap:                         0       0         2048   
       Stack:                        0       0         512    
       Linker Generated:             0       205       0      
    +--+-----------------------------+-------+---------+---------+
       Grand Total:                  14116   782       3605   


LINKER GENERATED COPY TABLES

__TI_cinit_table @ 00003a34 records: 2, size/record: 8, table size: 16
	.data: load addr=00003970, load size=000000aa bytes, run addr=20000800, run size=00000230 bytes, compression=rle
	.bss: load addr=00003a20, load size=0000000b bytes, run addr=20000a30, run size=000001e5 bytes, compression=rle


LINKER GENERATED HANDLER TABLE

__TI_handler_table @ 00003a2c records: 2, size/record: 4, table size: 8
	index: 0, handler: __TI_decompress_rle24
	index: 1, handler: __TI_decompress_none


GLOBAL SYMBOLS: SORTED ALPHABETICALLY BY Name 

address   name                                      
-------   ----                                      
00003471  C$$EXIT                                   
000032c3  C$$IO$$                                   
000036bd  CS_setDCOCenteredFrequency                
00003741  GPIO_clearInterruptFlag                   
000037b9  GPIO_enableInterrupt                      
000035ed  GPIO_getEnabledInterruptStatus            
00003845  GPIO_getInterruptStatus                   
0000362d  GPIO_setAsInputPinWithPullUpResistor      
000036e1  GPIO_setAsOutputPin                       
0000355d  GPIO_setAsPeripheralModuleFunctionInputPin
000037cd  GPIO_setOutputHighOnPin                   
00003759  GPIO_setOutputLowOnPin                    
00001c4b  HOSTclock                                 
00001c13  HOSTclose                                 
00001bd5  HOSTgetenv                                
00001b79  HOSTlseek                                 
00001b27  HOSTopen                                  
00001adb  HOSTread                                  
00001a7d  HOSTrename                                
00001a43  HOSTtime                                  
000019f9  HOSTtime64                                
000019c1  HOSTunlink                                
00001975  HOSTwrite                                 
000020e7  PORT4_IRQHandler                          
00001fcb  RESTInit                                  
UNDEFED   SHT$$INIT_ARRAY$$Base                     
UNDEFED   SHT$$INIT_ARRAY$$Limit                    
20000a2c  SystemCoreClock                           
0000162d  SystemCoreClockUpdate                     
000018a1  SystemInit                                
00001fa5  TIMERInit                                 
4000480c  WDTCTL_SYM                                
20000a30  __CIOBUF_                                 
20010000  __STACK_END                               
00000200  __STACK_SIZE                              
00000800  __SYSMEM_SIZE                             
00003a34  __TI_CINIT_Base                           
00003a44  __TI_CINIT_Limit                          
00003a2c  __TI_Handler_Table_Base                   
00003a34  __TI_Handler_Table_Limit                  
00003149  __TI_auto_init                            
00002491  __TI_cleanup                              
20000a00  __TI_cleanup_ptr                          
00002e91  __TI_closefile                            
00003855  __TI_decompress_none                      
00003863  __TI_decompress_rle24                     
00002c81  __TI_doflush                              
20000a04  __TI_dtors_ptr                            
20000a08  __TI_enable_exit_profile_output           
200009f0  __TI_ft_end                               
ffffffff  __TI_pprof_out_hndl                       
00000f4b  __TI_printfi                              
ffffffff  __TI_prof_data_size                       
ffffffff  __TI_prof_data_start                      
00002dab  __TI_rd_ok                                
000032c7  __TI_readmsg                              
00000000  __TI_static_base__                        
20000b50  __TI_tmpnams                              
00003295  __TI_writemsg                             
00002d49  __TI_wrt_ok                               
00002fc1  __aeabi_cdcmpeq                           
00002fc1  __aeabi_cdcmple                           
00003047  __aeabi_cdrcmple                          
000035a5  __aeabi_d2iz                              
00002597  __aeabi_dadd                              
00002743  __aeabi_ddiv                              
000029ad  __aeabi_dmul                              
0000258d  __aeabi_dsub                              
0000368d  __aeabi_i2d                               
000030cd  __aeabi_memclr                            
000030cd  __aeabi_memclr4                           
000030cd  __aeabi_memclr8                           
00002df5  __aeabi_memcpy                            
00002df5  __aeabi_memcpy4                           
00002df5  __aeabi_memcpy8                           
000030cf  __aeabi_memset                            
000030cf  __aeabi_memset4                           
000030cf  __aeabi_memset8                           
200009fc  __aeabi_stderr                            
200009f4  __aeabi_stdin                             
200009f8  __aeabi_stdout                            
000021d5  __aeabi_uldivmod                          
ffffffff  __binit__                                 
ffffffff  __c_args__                                
00003147  __mpu_init                                
2000fe00  __stack                                   
00003771  _args_main                                
0000341d  _c_int00                                  
0000386c  _ctypes_                                  
20000800  _ftable                                   
20000a18  _lock                                     
000037ef  _nop                                      
000037e7  _register_lock                            
000037e1  _register_unlock                          
20000000  _sys_memory                               
00003293  _system_post_cinit                        
00003869  _system_pre_init                          
20000a1c  _unlock                                   
00003475  abort                                     
00001ef9  add_device                                
000034c5  atoi                                      
ffffffff  binit                                     
000015f9  calloc                                    
00001ea9  close                                     
00003511  copy_in                                   
000037f5  copysign                                  
000037f5  copysignl                                 
20000a20  errno                                     
0000347d  exit                                      
00002ef7  fclose                                    
00002ccd  fflush                                    
000024e7  fopen                                     
00002f29  fputc                                     
00002879  fputs                                     
00001347  free                                      
000024bd  freopen                                   
00003361  frexp                                     
00003361  frexpl                                    
000032fd  fseek                                     
00000000  interruptVectors                          
00002aa9  ldexp                                     
00002aa9  ldexpl                                    
00001e85  lseek                                     
000033c5  ltoa                                      
00002017  main                                      
20000a28  main_func_sp                              
000012df  malloc                                    
00001515  memalign                                  
00003725  memccpy                                   
00003705  memchr                                    
00002df5  memcpy                                    
000030d5  memset                                    
00001251  minit                                     
00001dd7  open                                      
000031c1  printf                                    
00002f29  putc                                      
00002fad  putchar                                   
00002985  puts                                      
00001db3  read                                      
00001409  realloc                                   
00001d29  remove                                    
00001d8b  remove_device                             
00001d4d  rename                                    
00002aa9  scalbn                                    
00002aa9  scalbnl                                   
00002ba5  setvbuf                                   
000037a1  strchr                                    
00003789  strcmp                                    
00003809  strcpy                                    
0000381d  strlen                                    
0000365d  strncpy                                   
00001d29  unlink                                    
00001c99  write                                     


GLOBAL SYMBOLS: SORTED BY Symbol Address 

address   name                                      
-------   ----                                      
00000000  __TI_static_base__                        
00000000  interruptVectors                          
00000200  __STACK_SIZE                              
00000800  __SYSMEM_SIZE                             
00000f4b  __TI_printfi                              
00001251  minit                                     
000012df  malloc                                    
00001347  free                                      
00001409  realloc                                   
00001515  memalign                                  
000015f9  calloc                                    
0000162d  SystemCoreClockUpdate                     
000018a1  SystemInit                                
00001975  HOSTwrite                                 
000019c1  HOSTunlink                                
000019f9  HOSTtime64                                
00001a43  HOSTtime                                  
00001a7d  HOSTrename                                
00001adb  HOSTread                                  
00001b27  HOSTopen                                  
00001b79  HOSTlseek                                 
00001bd5  HOSTgetenv                                
00001c13  HOSTclose                                 
00001c4b  HOSTclock                                 
00001c99  write                                     
00001d29  remove                                    
00001d29  unlink                                    
00001d4d  rename                                    
00001d8b  remove_device                             
00001db3  read                                      
00001dd7  open                                      
00001e85  lseek                                     
00001ea9  close                                     
00001ef9  add_device                                
00001fa5  TIMERInit                                 
00001fcb  RESTInit                                  
00002017  main                                      
000020e7  PORT4_IRQHandler                          
000021d5  __aeabi_uldivmod                          
00002491  __TI_cleanup                              
000024bd  freopen                                   
000024e7  fopen                                     
0000258d  __aeabi_dsub                              
00002597  __aeabi_dadd                              
00002743  __aeabi_ddiv                              
00002879  fputs                                     
00002985  puts                                      
000029ad  __aeabi_dmul                              
00002aa9  ldexp                                     
00002aa9  ldexpl                                    
00002aa9  scalbn                                    
00002aa9  scalbnl                                   
00002ba5  setvbuf                                   
00002c81  __TI_doflush                              
00002ccd  fflush                                    
00002d49  __TI_wrt_ok                               
00002dab  __TI_rd_ok                                
00002df5  __aeabi_memcpy                            
00002df5  __aeabi_memcpy4                           
00002df5  __aeabi_memcpy8                           
00002df5  memcpy                                    
00002e91  __TI_closefile                            
00002ef7  fclose                                    
00002f29  fputc                                     
00002f29  putc                                      
00002fad  putchar                                   
00002fc1  __aeabi_cdcmpeq                           
00002fc1  __aeabi_cdcmple                           
00003047  __aeabi_cdrcmple                          
000030cd  __aeabi_memclr                            
000030cd  __aeabi_memclr4                           
000030cd  __aeabi_memclr8                           
000030cf  __aeabi_memset                            
000030cf  __aeabi_memset4                           
000030cf  __aeabi_memset8                           
000030d5  memset                                    
00003147  __mpu_init                                
00003149  __TI_auto_init                            
000031c1  printf                                    
00003293  _system_post_cinit                        
00003295  __TI_writemsg                             
000032c3  C$$IO$$                                   
000032c7  __TI_readmsg                              
000032fd  fseek                                     
00003361  frexp                                     
00003361  frexpl                                    
000033c5  ltoa                                      
0000341d  _c_int00                                  
00003471  C$$EXIT                                   
00003475  abort                                     
0000347d  exit                                      
000034c5  atoi                                      
00003511  copy_in                                   
0000355d  GPIO_setAsPeripheralModuleFunctionInputPin
000035a5  __aeabi_d2iz                              
000035ed  GPIO_getEnabledInterruptStatus            
0000362d  GPIO_setAsInputPinWithPullUpResistor      
0000365d  strncpy                                   
0000368d  __aeabi_i2d                               
000036bd  CS_setDCOCenteredFrequency                
000036e1  GPIO_setAsOutputPin                       
00003705  memchr                                    
00003725  memccpy                                   
00003741  GPIO_clearInterruptFlag                   
00003759  GPIO_setOutputLowOnPin                    
00003771  _args_main                                
00003789  strcmp                                    
000037a1  strchr                                    
000037b9  GPIO_enableInterrupt                      
000037cd  GPIO_setOutputHighOnPin                   
000037e1  _register_unlock                          
000037e7  _register_lock                            
000037ef  _nop                                      
000037f5  copysign                                  
000037f5  copysignl                                 
00003809  strcpy                                    
0000381d  strlen                                    
00003845  GPIO_getInterruptStatus                   
00003855  __TI_decompress_none                      
00003863  __TI_decompress_rle24                     
00003869  _system_pre_init                          
0000386c  _ctypes_                                  
00003a2c  __TI_Handler_Table_Base                   
00003a34  __TI_CINIT_Base                           
00003a34  __TI_Handler_Table_Limit                  
00003a44  __TI_CINIT_Limit                          
20000000  _sys_memory                               
20000800  _ftable                                   
200009f0  __TI_ft_end                               
200009f4  __aeabi_stdin                             
200009f8  __aeabi_stdout                            
200009fc  __aeabi_stderr                            
20000a00  __TI_cleanup_ptr                          
20000a04  __TI_dtors_ptr                            
20000a08  __TI_enable_exit_profile_output           
20000a18  _lock                                     
20000a1c  _unlock                                   
20000a20  errno                                     
20000a28  main_func_sp                              
20000a2c  SystemCoreClock                           
20000a30  __CIOBUF_                                 
20000b50  __TI_tmpnams                              
2000fe00  __stack                                   
20010000  __STACK_END                               
4000480c  WDTCTL_SYM                                
ffffffff  __TI_pprof_out_hndl                       
ffffffff  __TI_prof_data_size                       
ffffffff  __TI_prof_data_start                      
ffffffff  __binit__                                 
ffffffff  __c_args__                                
ffffffff  binit                                     
UNDEFED   SHT$$INIT_ARRAY$$Base                     
UNDEFED   SHT$$INIT_ARRAY$$Limit                    

[153 symbols]
